Archive member included to satisfy reference by file (symbol)

/home/user/.var/st/stm32cubeide/plugins/com.st.stm32cube.ide.mcu.externaltools.gnu-tools-for-stm32.11.3.rel1.linux64_1.1.100.202309141235/tools/bin/../lib/gcc/arm-none-eabi/11.3.1/../../../../arm-none-eabi/lib/thumb/v7e-m+fp/hard/libc_nano.a(libc_a-exit.o)
                              /home/user/.var/st/stm32cubeide/plugins/com.st.stm32cube.ide.mcu.externaltools.gnu-tools-for-stm32.11.3.rel1.linux64_1.1.100.202309141235/tools/bin/../lib/gcc/arm-none-eabi/11.3.1/../../../../arm-none-eabi/lib/thumb/v7e-m+fp/hard/crt0.o (exit)
/home/user/.var/st/stm32cubeide/plugins/com.st.stm32cube.ide.mcu.externaltools.gnu-tools-for-stm32.11.3.rel1.linux64_1.1.100.202309141235/tools/bin/../lib/gcc/arm-none-eabi/11.3.1/../../../../arm-none-eabi/lib/thumb/v7e-m+fp/hard/libc_nano.a(libc_a-findfp.o)
                              /home/user/.var/st/stm32cubeide/plugins/com.st.stm32cube.ide.mcu.externaltools.gnu-tools-for-stm32.11.3.rel1.linux64_1.1.100.202309141235/tools/bin/../lib/gcc/arm-none-eabi/11.3.1/../../../../arm-none-eabi/lib/thumb/v7e-m+fp/hard/libc_nano.a(libc_a-exit.o) (__stdio_exit_handler)
/home/user/.var/st/stm32cubeide/plugins/com.st.stm32cube.ide.mcu.externaltools.gnu-tools-for-stm32.11.3.rel1.linux64_1.1.100.202309141235/tools/bin/../lib/gcc/arm-none-eabi/11.3.1/../../../../arm-none-eabi/lib/thumb/v7e-m+fp/hard/libc_nano.a(libc_a-fwalk.o)
                              /home/user/.var/st/stm32cubeide/plugins/com.st.stm32cube.ide.mcu.externaltools.gnu-tools-for-stm32.11.3.rel1.linux64_1.1.100.202309141235/tools/bin/../lib/gcc/arm-none-eabi/11.3.1/../../../../arm-none-eabi/lib/thumb/v7e-m+fp/hard/libc_nano.a(libc_a-findfp.o) (_fwalk_sglue)
/home/user/.var/st/stm32cubeide/plugins/com.st.stm32cube.ide.mcu.externaltools.gnu-tools-for-stm32.11.3.rel1.linux64_1.1.100.202309141235/tools/bin/../lib/gcc/arm-none-eabi/11.3.1/../../../../arm-none-eabi/lib/thumb/v7e-m+fp/hard/libc_nano.a(libc_a-snprintf.o)
                              ./Core/Src/main.o (snprintf)
/home/user/.var/st/stm32cubeide/plugins/com.st.stm32cube.ide.mcu.externaltools.gnu-tools-for-stm32.11.3.rel1.linux64_1.1.100.202309141235/tools/bin/../lib/gcc/arm-none-eabi/11.3.1/../../../../arm-none-eabi/lib/thumb/v7e-m+fp/hard/libc_nano.a(libc_a-sprintf.o)
                              ./Core/Src/main.o (sprintf)
/home/user/.var/st/stm32cubeide/plugins/com.st.stm32cube.ide.mcu.externaltools.gnu-tools-for-stm32.11.3.rel1.linux64_1.1.100.202309141235/tools/bin/../lib/gcc/arm-none-eabi/11.3.1/../../../../arm-none-eabi/lib/thumb/v7e-m+fp/hard/libc_nano.a(libc_a-stdio.o)
                              /home/user/.var/st/stm32cubeide/plugins/com.st.stm32cube.ide.mcu.externaltools.gnu-tools-for-stm32.11.3.rel1.linux64_1.1.100.202309141235/tools/bin/../lib/gcc/arm-none-eabi/11.3.1/../../../../arm-none-eabi/lib/thumb/v7e-m+fp/hard/libc_nano.a(libc_a-findfp.o) (__sread)
/home/user/.var/st/stm32cubeide/plugins/com.st.stm32cube.ide.mcu.externaltools.gnu-tools-for-stm32.11.3.rel1.linux64_1.1.100.202309141235/tools/bin/../lib/gcc/arm-none-eabi/11.3.1/../../../../arm-none-eabi/lib/thumb/v7e-m+fp/hard/libc_nano.a(libc_a-memcmp.o)
                              ./Core/Src/main.o (memcmp)
/home/user/.var/st/stm32cubeide/plugins/com.st.stm32cube.ide.mcu.externaltools.gnu-tools-for-stm32.11.3.rel1.linux64_1.1.100.202309141235/tools/bin/../lib/gcc/arm-none-eabi/11.3.1/../../../../arm-none-eabi/lib/thumb/v7e-m+fp/hard/libc_nano.a(libc_a-memset.o)
                              /home/user/.var/st/stm32cubeide/plugins/com.st.stm32cube.ide.mcu.externaltools.gnu-tools-for-stm32.11.3.rel1.linux64_1.1.100.202309141235/tools/bin/../lib/gcc/arm-none-eabi/11.3.1/../../../../arm-none-eabi/lib/thumb/v7e-m+fp/hard/crt0.o (memset)
/home/user/.var/st/stm32cubeide/plugins/com.st.stm32cube.ide.mcu.externaltools.gnu-tools-for-stm32.11.3.rel1.linux64_1.1.100.202309141235/tools/bin/../lib/gcc/arm-none-eabi/11.3.1/../../../../arm-none-eabi/lib/thumb/v7e-m+fp/hard/libc_nano.a(libc_a-closer.o)
                              /home/user/.var/st/stm32cubeide/plugins/com.st.stm32cube.ide.mcu.externaltools.gnu-tools-for-stm32.11.3.rel1.linux64_1.1.100.202309141235/tools/bin/../lib/gcc/arm-none-eabi/11.3.1/../../../../arm-none-eabi/lib/thumb/v7e-m+fp/hard/libc_nano.a(libc_a-stdio.o) (_close_r)
/home/user/.var/st/stm32cubeide/plugins/com.st.stm32cube.ide.mcu.externaltools.gnu-tools-for-stm32.11.3.rel1.linux64_1.1.100.202309141235/tools/bin/../lib/gcc/arm-none-eabi/11.3.1/../../../../arm-none-eabi/lib/thumb/v7e-m+fp/hard/libc_nano.a(libc_a-reent.o)
                              /home/user/.var/st/stm32cubeide/plugins/com.st.stm32cube.ide.mcu.externaltools.gnu-tools-for-stm32.11.3.rel1.linux64_1.1.100.202309141235/tools/bin/../lib/gcc/arm-none-eabi/11.3.1/../../../../arm-none-eabi/lib/thumb/v7e-m+fp/hard/libc_nano.a(libc_a-closer.o) (errno)
[...]
Memory Configuration

Name             Origin             Length             Attributes
RAM              0x0000000020000000 0x0000000000018000 xrw
FLASH            0x0000000008000000 0x0000000000080000 xr
*default*        0x0000000000000000 0xffffffffffffffff

Linker script and memory map

LOAD /home/user/.var/st/stm32cubeide/plugins/com.st.stm32cube.ide.mcu.externaltools.gnu-tools-for-stm32.11.3.rel1.linux64_1.1.100.202309141235/tools/bin/../lib/gcc/arm-none-eabi/11.3.1/thumb/v7e-m+fp/hard/crti.o
LOAD /home/user/.var/st/stm32cubeide/plugins/com.st.stm32cube.ide.mcu.externaltools.gnu-tools-for-stm32.11.3.rel1.linux64_1.1.100.202309141235/tools/bin/../lib/gcc/arm-none-eabi/11.3.1/thumb/v7e-m+fp/hard/crtbegin.o
LOAD /home/user/.var/st/stm32cubeide/plugins/com.st.stm32cube.ide.mcu.externaltools.gnu-tools-for-stm32.11.3.rel1.linux64_1.1.100.202309141235/tools/bin/../lib/gcc/arm-none-eabi/11.3.1/../../../../arm-none-eabi/lib/thumb/v7e-m+fp/hard/crt0.o
LOAD ./Core/Src/main.o
LOAD ./Core/Src/socket.o
LOAD ./Core/Src/stm32f4xx_hal_msp.o
LOAD ./Core/Src/stm32f4xx_it.o
LOAD ./Core/Src/syscalls.o
LOAD ./Core/Src/sysmem.o
LOAD ./Core/Src/system_stm32f4xx.o
LOAD ./Core/Src/w5500.o
LOAD ./Core/Src/wizchip_conf.o
LOAD ./Core/Startup/startup_stm32f401retx.o
LOAD ./Drivers/STM32F4xx_HAL_Driver/Src/stm32f4xx_hal.o
LOAD ./Drivers/STM32F4xx_HAL_Driver/Src/stm32f4xx_hal_cortex.o
LOAD ./Drivers/STM32F4xx_HAL_Driver/Src/stm32f4xx_hal_dma.o
LOAD ./Drivers/STM32F4xx_HAL_Driver/Src/stm32f4xx_hal_dma_ex.o
LOAD ./Drivers/STM32F4xx_HAL_Driver/Src/stm32f4xx_hal_exti.o
LOAD ./Drivers/STM32F4xx_HAL_Driver/Src/stm32f4xx_hal_flash.o
LOAD ./Drivers/STM32F4xx_HAL_Driver/Src/stm32f4xx_hal_flash_ex.o
LOAD ./Drivers/STM32F4xx_HAL_Driver/Src/stm32f4xx_hal_flash_ramfunc.o
LOAD ./Drivers/STM32F4xx_HAL_Driver/Src/stm32f4xx_hal_gpio.o
LOAD ./Drivers/STM32F4xx_HAL_Driver/Src/stm32f4xx_hal_pwr.o
LOAD ./Drivers/STM32F4xx_HAL_Driver/Src/stm32f4xx_hal_pwr_ex.o
LOAD ./Drivers/STM32F4xx_HAL_Driver/Src/stm32f4xx_hal_rcc.o
LOAD ./Drivers/STM32F4xx_HAL_Driver/Src/stm32f4xx_hal_rcc_ex.o
LOAD ./Drivers/STM32F4xx_HAL_Driver/Src/stm32f4xx_hal_spi.o
LOAD ./Drivers/STM32F4xx_HAL_Driver/Src/stm32f4xx_hal_tim.o
LOAD ./Drivers/STM32F4xx_HAL_Driver/Src/stm32f4xx_hal_tim_ex.o
LOAD ./Drivers/STM32F4xx_HAL_Driver/Src/stm32f4xx_hal_uart.o
START GROUP
LOAD /home/user/.var/st/stm32cubeide/plugins/com.st.stm32cube.ide.mcu.externaltools.gnu-tools-for-stm32.11.3.rel1.linux64_1.1.100.202309141235/tools/bin/../lib/gcc/arm-none-eabi/11.3.1/../../../../arm-none-eabi/lib/thumb/v7e-m+fp/hard/libstdc++_nano.a
LOAD /home/user/.var/st/stm32cubeide/plugins/com.st.stm32cube.ide.mcu.externaltools.gnu-tools-for-stm32.11.3.rel1.linux64_1.1.100.202309141235/tools/bin/../lib/gcc/arm-none-eabi/11.3.1/../../../../arm-none-eabi/lib/thumb/v7e-m+fp/hard/libsupc++_nano.a
END GROUP
LOAD /home/user/.var/st/stm32cubeide/plugins/com.st.stm32cube.ide.mcu.externaltools.gnu-tools-for-stm32.11.3.rel1.linux64_1.1.100.202309141235/tools/bin/../lib/gcc/arm-none-eabi/11.3.1/../../../../arm-none-eabi/lib/thumb/v7e-m+fp/hard/libstdc++_nano.a
LOAD /home/user/.var/st/stm32cubeide/plugins/com.st.stm32cube.ide.mcu.externaltools.gnu-tools-for-stm32.11.3.rel1.linux64_1.1.100.202309141235/tools/bin/../lib/gcc/arm-none-eabi/11.3.1/../../../../arm-none-eabi/lib/thumb/v7e-m+fp/hard/libm.a
LOAD /home/user/.var/st/stm32cubeide/plugins/com.st.stm32cube.ide.mcu.externaltools.gnu-tools-for-stm32.11.3.rel1.linux64_1.1.100.202309141235/tools/bin/../lib/gcc/arm-none-eabi/11.3.1/../../../../arm-none-eabi/lib/thumb/v7e-m+fp/hard/libc_nano.a
START GROUP
LOAD /home/user/.var/st/stm32cubeide/plugins/com.st.stm32cube.ide.mcu.externaltools.gnu-tools-for-stm32.11.3.rel1.linux64_1.1.100.202309141235/tools/bin/../lib/gcc/arm-none-eabi/11.3.1/thumb/v7e-m+fp/hard/libgcc.a
LOAD /home/user/.var/st/stm32cubeide/plugins/com.st.stm32cube.ide.mcu.externaltools.gnu-tools-for-stm32.11.3.rel1.linux64_1.1.100.202309141235/tools/bin/../lib/gcc/arm-none-eabi/11.3.1/../../../../arm-none-eabi/lib/thumb/v7e-m+fp/hard/libc_nano.a
END GROUP
START GROUP
LOAD /home/user/.var/st/stm32cubeide/plugins/com.st.stm32cube.ide.mcu.externaltools.gnu-tools-for-stm32.11.3.rel1.linux64_1.1.100.202309141235/tools/bin/../lib/gcc/arm-none-eabi/11.3.1/thumb/v7e-m+fp/hard/libgcc.a
LOAD /home/user/.var/st/stm32cubeide/plugins/com.st.stm32cube.ide.mcu.externaltools.gnu-tools-for-stm32.11.3.rel1.linux64_1.1.100.202309141235/tools/bin/../lib/gcc/arm-none-eabi/11.3.1/../../../../arm-none-eabi/lib/thumb/v7e-m+fp/hard/libc_nano.a
LOAD /home/user/.var/st/stm32cubeide/plugins/com.st.stm32cube.ide.mcu.externaltools.gnu-tools-for-stm32.11.3.rel1.linux64_1.1.100.202309141235/tools/bin/../lib/gcc/arm-none-eabi/11.3.1/../../../../arm-none-eabi/lib/thumb/v7e-m+fp/hard/libnosys.a
END GROUP
START GROUP
LOAD /home/user/.var/st/stm32cubeide/plugins/com.st.stm32cube.ide.mcu.externaltools.gnu-tools-for-stm32.11.3.rel1.linux64_1.1.100.202309141235/tools/bin/../lib/gcc/arm-none-eabi/11.3.1/thumb/v7e-m+fp/hard/libgcc.a
LOAD /home/user/.var/st/stm32cubeide/plugins/com.st.stm32cube.ide.mcu.externaltools.gnu-tools-for-stm32.11.3.rel1.linux64_1.1.100.202309141235/tools/bin/../lib/gcc/arm-none-eabi/11.3.1/../../../../arm-none-eabi/lib/thumb/v7e-m+fp/hard/libc_nano.a
LOAD /home/user/.var/st/stm32cubeide/plugins/com.st.stm32cube.ide.mcu.externaltools.gnu-tools-for-stm32.11.3.rel1.linux64_1.1.100.202309141235/tools/bin/../lib/gcc/arm-none-eabi/11.3.1/../../../../arm-none-eabi/lib/thumb/v7e-m+fp/hard/libnosys.a
END GROUP
LOAD /home/user/.var/st/stm32cubeide/plugins/com.st.stm32cube.ide.mcu.externaltools.gnu-tools-for-stm32.11.3.rel1.linux64_1.1.100.202309141235/tools/bin/../lib/gcc/arm-none-eabi/11.3.1/thumb/v7e-m+fp/hard/crtend.o
LOAD /home/user/.var/st/stm32cubeide/plugins/com.st.stm32cube.ide.mcu.externaltools.gnu-tools-for-stm32.11.3.rel1.linux64_1.1.100.202309141235/tools/bin/../lib/gcc/arm-none-eabi/11.3.1/thumb/v7e-m+fp/hard/crtn.o
                0x0000000020018000                _estack = (ORIGIN (RAM) + LENGTH (RAM))
                0x0000000000000200                _Min_Heap_Size = 0x200
                0x0000000000000400                _Min_Stack_Size = 0x400

.isr_vector     0x0000000008000000      0x194
                0x0000000008000000                . = ALIGN (0x4)
 *(.isr_vector)
 .isr_vector    0x0000000008000000      0x194 ./Core/Startup/startup_stm32f401retx.o
                0x0000000008000000                g_pfnVectors
                0x0000000008000194                . = ALIGN (0x4)

.text           0x00000000080001a0     0x6744
                0x00000000080001a0                . = ALIGN (0x4)
 *(.text)
 .text          0x00000000080001a0       0x40 /home/user/.var/st/stm32cubeide/plugins/com.st.stm32cube.ide.mcu.externaltools.gnu-tools-for-stm32.11.3.rel1.linux64_1.1.100.202309141235/tools/bin/../lib/gcc/arm-none-eabi/11.3.1/thumb/v7e-m+fp/hard/crtbegin.o
 .text          0x00000000080001e0       0x10 /home/user/.var/st/stm32cubeide/plugins/com.st.stm32cube.ide.mcu.externaltools.gnu-tools-for-stm32.11.3.rel1.linux64_1.1.100.202309141235/tools/bin/../lib/gcc/arm-none-eabi/11.3.1/../../../../arm-none-eabi/lib/thumb/v7e-m+fp/hard/libc_nano.a(libc_a-strlen.o)
                0x00000000080001e0                strlen
 .text          0x00000000080001f0       0xa0 /home/user/.var/st/stm32cubeide/plugins/com.st.stm32cube.ide.mcu.externaltools.gnu-tools-for-stm32.11.3.rel1.linux64_1.1.100.202309141235/tools/bin/../lib/gcc/arm-none-eabi/11.3.1/../../../../arm-none-eabi/lib/thumb/v7e-m+fp/hard/libc_nano.a(libc_a-memchr.o)
                0x00000000080001f0                memchr
 .text          0x0000000008000290       0x30 /home/user/.var/st/stm32cubeide/plugins/com.st.stm32cube.ide.mcu.externaltools.gnu-tools-for-stm32.11.3.rel1.linux64_1.1.100.202309141235/tools/bin/../lib/gcc/arm-none-eabi/11.3.1/thumb/v7e-m+fp/hard/libgcc.a(_aeabi_uldivmod.o)
                0x0000000008000290                __aeabi_uldivmod
 .text          0x00000000080002c0      0x2c8 /home/user/.var/st/stm32cubeide/plugins/com.st.stm32cube.ide.mcu.externaltools.gnu-tools-for-stm32.11.3.rel1.linux64_1.1.100.202309141235/tools/bin/../lib/gcc/arm-none-eabi/11.3.1/thumb/v7e-m+fp/hard/libgcc.a(_udivmoddi4.o)
                0x00000000080002c0                __udivmoddi4
 .text          0x0000000008000588        0x4 /home/user/.var/st/stm32cubeide/plugins/com.st.stm32cube.ide.mcu.externaltools.gnu-tools-for-stm32.11.3.rel1.linux64_1.1.100.202309141235/tools/bin/../lib/gcc/arm-none-eabi/11.3.1/thumb/v7e-m+fp/hard/libgcc.a(_dvmd_tls.o)
                0x0000000008000588                __aeabi_ldiv0
                0x0000000008000588                __aeabi_idiv0
 *(.text*)
 .text.HAL_SPI_TxRxCpltCallback
                0x000000000800058c       0x2c ./Core/Src/main.o
                0x000000000800058c                HAL_SPI_TxRxCpltCallback
 .text.HAL_GPIO_EXTI_Callback
                0x00000000080005b8       0x28 ./Core/Src/main.o
                0x00000000080005b8                HAL_GPIO_EXTI_Callback
 .text.HAL_UART_TxCpltCallback
                0x00000000080005e0       0x2c ./Core/Src/main.o
                0x00000000080005e0                HAL_UART_TxCpltCallback
 .text.UART_SendString
                0x000000000800060c       0x48 ./Core/Src/main.o
                0x000000000800060c                UART_SendString
 .text.UART_SendNumber
                0x0000000008000654       0x2c ./Core/Src/main.o
                0x0000000008000654                UART_SendNumber
 .text.NAND_WaitReady
                0x0000000008000680       0x44 ./Core/Src/main.o
                0x0000000008000680                NAND_WaitReady
 .text.NAND_SendCommand
                0x00000000080006c4       0x4c ./Core/Src/main.o
                0x00000000080006c4                NAND_SendCommand
 .text.NAND_SendAddress
                0x0000000008000710       0x4c ./Core/Src/main.o
                0x0000000008000710                NAND_SendAddress
 .text.NAND_WriteData
                0x000000000800075c       0x6c ./Core/Src/main.o
                0x000000000800075c                NAND_WriteData
 .text.NAND_EraseBlock
                0x00000000080007c8       0x64 ./Core/Src/main.o
                0x00000000080007c8                NAND_EraseBlock
 .text.NAND_WritePage
                0x000000000800082c       0xa0 ./Core/Src/main.o
                0x000000000800082c                NAND_WritePage
 .text.NAND_ReadPage
                0x00000000080008cc       0x70 ./Core/Src/main.o
                0x00000000080008cc                NAND_ReadPage
 .text.ReadAllPages
                0x000000000800093c       0xc8 ./Core/Src/main.o
                0x000000000800093c                ReadAllPages
 .text.wizchip_select
                0x0000000008000a04       0x1c ./Core/Src/main.o
                0x0000000008000a04                wizchip_select
 .text.wizchip_deselect
                0x0000000008000a20       0x18 ./Core/Src/main.o
                0x0000000008000a20                wizchip_deselect
 .text.wizchip_reset
                0x0000000008000a38       0x20 ./Core/Src/main.o
                0x0000000008000a38                wizchip_reset
 .text.wizchip_writebyte
                0x0000000008000a58       0x44 ./Core/Src/main.o
                0x0000000008000a58                wizchip_writebyte
 .text.wizchip_readbyte
                0x0000000008000a9c       0x44 ./Core/Src/main.o
                0x0000000008000a9c                wizchip_readbyte
 .text.wizchip_readburst
                0x0000000008000ae0       0x48 ./Core/Src/main.o
                0x0000000008000ae0                wizchip_readburst
 .text.wizchip_writeburst
                0x0000000008000b28       0x48 ./Core/Src/main.o
                0x0000000008000b28                wizchip_writeburst
 .text.tcp_server_init
                0x0000000008000b70       0xc4 ./Core/Src/main.o
                0x0000000008000b70                tcp_server_init
 .text.tcp_send
                0x0000000008000c34      0x1a8 ./Core/Src/main.o
                0x0000000008000c34                tcp_send
 .text.w5500_init
                0x0000000008000ddc       0x74 ./Core/Src/main.o
                0x0000000008000ddc                w5500_init
 .text.main     0x0000000008000e50       0x54 ./Core/Src/main.o
                0x0000000008000e50                main
 .text.SystemClock_Config
                0x0000000008000ea4       0xc0 ./Core/Src/main.o
                0x0000000008000ea4                SystemClock_Config
 .text.MX_SPI2_Init
                0x0000000008000f64       0x6c ./Core/Src/main.o
 .text.MX_TIM2_Init
                0x0000000008000fd0       0x98 ./Core/Src/main.o
 .text.MX_USART2_UART_Init
                0x0000000008001068       0x54 ./Core/Src/main.o
 .text.MX_DMA_Init
                0x00000000080010bc       0xf8 ./Core/Src/main.o
 .text.MX_GPIO_Init
                0x00000000080011b4      0x158 ./Core/Src/main.o
 .text.Error_Handler
                0x000000000800130c        0xa ./Core/Src/main.o
                0x000000000800130c                Error_Handler
 *fill*         0x0000000008001316        0x2 
 .text.socket   0x0000000008001318      0x228 ./Core/Src/socket.o
                0x0000000008001318                socket
 .text.close    0x0000000008001540       0xdc ./Core/Src/socket.o
                0x0000000008001540                close
 .text.listen   0x000000000800161c       0xb2 ./Core/Src/socket.o
                0x000000000800161c                listen
 *fill*         0x00000000080016ce        0x2 
 .text.send     0x00000000080016d0      0x1f4 ./Core/Src/socket.o
                0x00000000080016d0                send
 .text.HAL_MspInit
                0x00000000080018c4       0x50 ./Core/Src/stm32f4xx_hal_msp.o
                0x00000000080018c4                HAL_MspInit
 .text.HAL_SPI_MspInit
                0x0000000008001914      0x1ac ./Core/Src/stm32f4xx_hal_msp.o
                0x0000000008001914                HAL_SPI_MspInit
 .text.HAL_TIM_Base_MspInit
                0x0000000008001ac0       0x40 ./Core/Src/stm32f4xx_hal_msp.o
                0x0000000008001ac0                HAL_TIM_Base_MspInit
 .text.HAL_UART_MspInit
                0x0000000008001b00      0x16c ./Core/Src/stm32f4xx_hal_msp.o
                0x0000000008001b00                HAL_UART_MspInit
 .text.NMI_Handler
                0x0000000008001c6c        0x6 ./Core/Src/stm32f4xx_it.o
                0x0000000008001c6c                NMI_Handler
 .text.HardFault_Handler
                0x0000000008001c72        0x6 ./Core/Src/stm32f4xx_it.o
                0x0000000008001c72                HardFault_Handler
 .text.MemManage_Handler
                0x0000000008001c78        0x6 ./Core/Src/stm32f4xx_it.o
                0x0000000008001c78                MemManage_Handler
 .text.BusFault_Handler
                0x0000000008001c7e        0x6 ./Core/Src/stm32f4xx_it.o
                0x0000000008001c7e                BusFault_Handler
 .text.UsageFault_Handler
                0x0000000008001c84        0x6 ./Core/Src/stm32f4xx_it.o
                0x0000000008001c84                UsageFault_Handler
 .text.SVC_Handler
                0x0000000008001c8a        0xe ./Core/Src/stm32f4xx_it.o
                0x0000000008001c8a                SVC_Handler
 .text.DebugMon_Handler
                0x0000000008001c98        0xe ./Core/Src/stm32f4xx_it.o
                0x0000000008001c98                DebugMon_Handler
 .text.PendSV_Handler
                0x0000000008001ca6        0xe ./Core/Src/stm32f4xx_it.o
                0x0000000008001ca6                PendSV_Handler
 .text.SysTick_Handler
                0x0000000008001cb4        0xc ./Core/Src/stm32f4xx_it.o
                0x0000000008001cb4                SysTick_Handler
 .text.DMA1_Stream3_IRQHandler
                0x0000000008001cc0       0x14 ./Core/Src/stm32f4xx_it.o
                0x0000000008001cc0                DMA1_Stream3_IRQHandler
 .text.DMA1_Stream4_IRQHandler
                0x0000000008001cd4       0x14 ./Core/Src/stm32f4xx_it.o
                0x0000000008001cd4                DMA1_Stream4_IRQHandler
 .text.DMA1_Stream5_IRQHandler
                0x0000000008001ce8       0x14 ./Core/Src/stm32f4xx_it.o
                0x0000000008001ce8                DMA1_Stream5_IRQHandler
 .text.DMA1_Stream6_IRQHandler
                0x0000000008001cfc       0x14 ./Core/Src/stm32f4xx_it.o
                0x0000000008001cfc                DMA1_Stream6_IRQHandler
 .text.SPI2_IRQHandler
                0x0000000008001d10       0x14 ./Core/Src/stm32f4xx_it.o
                0x0000000008001d10                SPI2_IRQHandler
 .text.USART2_IRQHandler
                0x0000000008001d24       0x14 ./Core/Src/stm32f4xx_it.o
                0x0000000008001d24                USART2_IRQHandler
 .text.EXTI15_10_IRQHandler
                0x0000000008001d38       0x10 ./Core/Src/stm32f4xx_it.o
                0x0000000008001d38                EXTI15_10_IRQHandler
 .text._sbrk    0x0000000008001d48       0x6c ./Core/Src/sysmem.o
                0x0000000008001d48                _sbrk
 .text.SystemInit
                0x0000000008001db4       0x24 ./Core/Src/system_stm32f4xx.o
                0x0000000008001db4                SystemInit
 .text.WIZCHIP_READ
                0x0000000008001dd8       0x98 ./Core/Src/w5500.o
                0x0000000008001dd8                WIZCHIP_READ
 .text.WIZCHIP_WRITE
                0x0000000008001e70       0x9c ./Core/Src/w5500.o
                0x0000000008001e70                WIZCHIP_WRITE
 .text.WIZCHIP_READ_BUF
                0x0000000008001f0c       0xc0 ./Core/Src/w5500.o
                0x0000000008001f0c                WIZCHIP_READ_BUF
 .text.WIZCHIP_WRITE_BUF
                0x0000000008001fcc       0xc0 ./Core/Src/w5500.o
                0x0000000008001fcc                WIZCHIP_WRITE_BUF
 .text.getSn_TX_FSR
                0x000000000800208c       0x96 ./Core/Src/w5500.o
                0x000000000800208c                getSn_TX_FSR
 .text.wiz_send_data
                0x0000000008002122       0xb8 ./Core/Src/w5500.o
                0x0000000008002122                wiz_send_data
 .text.wizchip_cris_enter
                0x00000000080021da        0xe ./Core/Src/wizchip_conf.o
                0x00000000080021da                wizchip_cris_enter
 .text.wizchip_cris_exit
                0x00000000080021e8        0xe ./Core/Src/wizchip_conf.o
                0x00000000080021e8                wizchip_cris_exit
 .text.wizchip_cs_select
                0x00000000080021f6        0xe ./Core/Src/wizchip_conf.o
                0x00000000080021f6                wizchip_cs_select
 .text.wizchip_cs_deselect
                0x0000000008002204        0xe ./Core/Src/wizchip_conf.o
                0x0000000008002204                wizchip_cs_deselect
 .text.wizchip_bus_readdata
                0x0000000008002212       0x1a ./Core/Src/wizchip_conf.o
                0x0000000008002212                wizchip_bus_readdata
 .text.wizchip_bus_writedata
                0x000000000800222c       0x1e ./Core/Src/wizchip_conf.o
                0x000000000800222c                wizchip_bus_writedata
 .text.wizchip_spi_readbyte
                0x000000000800224a       0x10 ./Core/Src/wizchip_conf.o
                0x000000000800224a                wizchip_spi_readbyte
 .text.wizchip_spi_writebyte
                0x000000000800225a       0x16 ./Core/Src/wizchip_conf.o
                0x000000000800225a                wizchip_spi_writebyte
 .text.wizchip_spi_readburst
                0x0000000008002270       0x18 ./Core/Src/wizchip_conf.o
                0x0000000008002270                wizchip_spi_readburst
 .text.wizchip_spi_writeburst
                0x0000000008002288       0x18 ./Core/Src/wizchip_conf.o
                0x0000000008002288                wizchip_spi_writeburst
 .text.reg_wizchip_cs_cbfunc
                0x00000000080022a0       0x4c ./Core/Src/wizchip_conf.o
                0x00000000080022a0                reg_wizchip_cs_cbfunc
 .text.reg_wizchip_spi_cbfunc
                0x00000000080022ec       0x58 ./Core/Src/wizchip_conf.o
                0x00000000080022ec                reg_wizchip_spi_cbfunc
 .text.reg_wizchip_spiburst_cbfunc
                0x0000000008002344       0x58 ./Core/Src/wizchip_conf.o
                0x0000000008002344                reg_wizchip_spiburst_cbfunc
 .text.ctlnetwork
                0x000000000800239c       0x7c ./Core/Src/wizchip_conf.o
                0x000000000800239c                ctlnetwork
 .text.wizchip_sw_reset
                0x0000000008002418       0x98 ./Core/Src/wizchip_conf.o
                0x0000000008002418                wizchip_sw_reset
 .text.wizchip_init
                0x00000000080024b0      0x118 ./Core/Src/wizchip_conf.o
                0x00000000080024b0                wizchip_init
 .text.wizchip_setnetinfo
                0x00000000080025c8       0x80 ./Core/Src/wizchip_conf.o
                0x00000000080025c8                wizchip_setnetinfo
 .text.wizchip_getnetinfo
                0x0000000008002648       0x80 ./Core/Src/wizchip_conf.o
                0x0000000008002648                wizchip_getnetinfo
 .text.wizchip_setnetmode
                0x00000000080026c8       0x44 ./Core/Src/wizchip_conf.o
                0x00000000080026c8                wizchip_setnetmode
 .text.wizchip_getnetmode
                0x000000000800270c       0x10 ./Core/Src/wizchip_conf.o
                0x000000000800270c                wizchip_getnetmode
 .text.wizchip_settimeout
                0x000000000800271c       0x42 ./Core/Src/wizchip_conf.o
                0x000000000800271c                wizchip_settimeout
 .text.wizchip_gettimeout
                0x000000000800275e       0x44 ./Core/Src/wizchip_conf.o
                0x000000000800275e                wizchip_gettimeout
 *fill*         0x00000000080027a2        0x2 
 .text.Reset_Handler
                0x00000000080027a4       0x50 ./Core/Startup/startup_stm32f401retx.o
                0x00000000080027a4                Reset_Handler
 .text.Default_Handler
                0x00000000080027f4        0x2 ./Core/Startup/startup_stm32f401retx.o
                0x00000000080027f4                RTC_Alarm_IRQHandler
                0x00000000080027f4                EXTI2_IRQHandler
                0x00000000080027f4                SPI4_IRQHandler
                0x00000000080027f4                TIM1_CC_IRQHandler
                0x00000000080027f4                DMA2_Stream5_IRQHandler
                0x00000000080027f4                PVD_IRQHandler
                0x00000000080027f4                SDIO_IRQHandler
                0x00000000080027f4                TAMP_STAMP_IRQHandler
                0x00000000080027f4                EXTI3_IRQHandler
                0x00000000080027f4                TIM1_UP_TIM10_IRQHandler
                0x00000000080027f4                I2C3_ER_IRQHandler
                0x00000000080027f4                EXTI0_IRQHandler
                0x00000000080027f4                I2C2_EV_IRQHandler
                0x00000000080027f4                DMA1_Stream2_IRQHandler
                0x00000000080027f4                FPU_IRQHandler
                0x00000000080027f4                DMA2_Stream2_IRQHandler
                0x00000000080027f4                SPI1_IRQHandler
                0x00000000080027f4                TIM1_BRK_TIM9_IRQHandler
                0x00000000080027f4                DMA2_Stream3_IRQHandler
                0x00000000080027f4                USART6_IRQHandler
                0x00000000080027f4                DMA2_Stream0_IRQHandler
                0x00000000080027f4                TIM4_IRQHandler
                0x00000000080027f4                I2C1_EV_IRQHandler
                0x00000000080027f4                DMA1_Stream1_IRQHandler
                0x00000000080027f4                TIM3_IRQHandler
                0x00000000080027f4                RCC_IRQHandler
                0x00000000080027f4                Default_Handler
                0x00000000080027f4                ADC_IRQHandler
                0x00000000080027f4                DMA1_Stream7_IRQHandler
                0x00000000080027f4                TIM5_IRQHandler
                0x00000000080027f4                DMA2_Stream7_IRQHandler
                0x00000000080027f4                I2C3_EV_IRQHandler
                0x00000000080027f4                EXTI9_5_IRQHandler
                0x00000000080027f4                RTC_WKUP_IRQHandler
                0x00000000080027f4                DMA1_Stream0_IRQHandler
                0x00000000080027f4                EXTI4_IRQHandler
                0x00000000080027f4                WWDG_IRQHandler
                0x00000000080027f4                TIM2_IRQHandler
                0x00000000080027f4                OTG_FS_WKUP_IRQHandler
                0x00000000080027f4                TIM1_TRG_COM_TIM11_IRQHandler
                0x00000000080027f4                EXTI1_IRQHandler
                0x00000000080027f4                I2C2_ER_IRQHandler
                0x00000000080027f4                DMA2_Stream1_IRQHandler
                0x00000000080027f4                FLASH_IRQHandler
                0x00000000080027f4                DMA2_Stream4_IRQHandler
                0x00000000080027f4                USART1_IRQHandler
                0x00000000080027f4                OTG_FS_IRQHandler
                0x00000000080027f4                SPI3_IRQHandler
                0x00000000080027f4                I2C1_ER_IRQHandler
                0x00000000080027f4                DMA2_Stream6_IRQHandler
 *fill*         0x00000000080027f6        0x2 
 .text.HAL_Init
                0x00000000080027f8       0x44 ./Drivers/STM32F4xx_HAL_Driver/Src/stm32f4xx_hal.o
                0x00000000080027f8                HAL_Init
 .text.HAL_InitTick
                0x000000000800283c       0x60 ./Drivers/STM32F4xx_HAL_Driver/Src/stm32f4xx_hal.o
                0x000000000800283c                HAL_InitTick
 .text.HAL_IncTick
                0x000000000800289c       0x28 ./Drivers/STM32F4xx_HAL_Driver/Src/stm32f4xx_hal.o
                0x000000000800289c                HAL_IncTick
 .text.HAL_GetTick
                0x00000000080028c4       0x18 ./Drivers/STM32F4xx_HAL_Driver/Src/stm32f4xx_hal.o
                0x00000000080028c4                HAL_GetTick
 .text.HAL_Delay
                0x00000000080028dc       0x48 ./Drivers/STM32F4xx_HAL_Driver/Src/stm32f4xx_hal.o
                0x00000000080028dc                HAL_Delay
 .text.__NVIC_SetPriorityGrouping
                0x0000000008002924       0x48 ./Drivers/STM32F4xx_HAL_Driver/Src/stm32f4xx_hal_cortex.o
 .text.__NVIC_GetPriorityGrouping
                0x000000000800296c       0x1c ./Drivers/STM32F4xx_HAL_Driver/Src/stm32f4xx_hal_cortex.o
 .text.__NVIC_EnableIRQ
                0x0000000008002988       0x3c ./Drivers/STM32F4xx_HAL_Driver/Src/stm32f4xx_hal_cortex.o
 .text.__NVIC_SetPriority
                0x00000000080029c4       0x54 ./Drivers/STM32F4xx_HAL_Driver/Src/stm32f4xx_hal_cortex.o
 .text.NVIC_EncodePriority
                0x0000000008002a18       0x66 ./Drivers/STM32F4xx_HAL_Driver/Src/stm32f4xx_hal_cortex.o
 *fill*         0x0000000008002a7e        0x2 
 .text.SysTick_Config
                0x0000000008002a80       0x44 ./Drivers/STM32F4xx_HAL_Driver/Src/stm32f4xx_hal_cortex.o
 .text.HAL_NVIC_SetPriorityGrouping
                0x0000000008002ac4       0x16 ./Drivers/STM32F4xx_HAL_Driver/Src/stm32f4xx_hal_cortex.o
                0x0000000008002ac4                HAL_NVIC_SetPriorityGrouping
 .text.HAL_NVIC_SetPriority
                0x0000000008002ada       0x38 ./Drivers/STM32F4xx_HAL_Driver/Src/stm32f4xx_hal_cortex.o
                0x0000000008002ada                HAL_NVIC_SetPriority
 .text.HAL_NVIC_EnableIRQ
                0x0000000008002b12       0x1c ./Drivers/STM32F4xx_HAL_Driver/Src/stm32f4xx_hal_cortex.o
                0x0000000008002b12                HAL_NVIC_EnableIRQ
 .text.HAL_SYSTICK_Config
                0x0000000008002b2e       0x18 ./Drivers/STM32F4xx_HAL_Driver/Src/stm32f4xx_hal_cortex.o
                0x0000000008002b2e                HAL_SYSTICK_Config
 *fill*         0x0000000008002b46        0x2 
 .text.HAL_DMA_Init
                0x0000000008002b48      0x15c ./Drivers/STM32F4xx_HAL_Driver/Src/stm32f4xx_hal_dma.o
                0x0000000008002b48                HAL_DMA_Init
 .text.HAL_DMA_Start_IT
                0x0000000008002ca4       0xb0 ./Drivers/STM32F4xx_HAL_Driver/Src/stm32f4xx_hal_dma.o
                0x0000000008002ca4                HAL_DMA_Start_IT
 .text.HAL_DMA_Abort
                0x0000000008002d54       0xe0 ./Drivers/STM32F4xx_HAL_Driver/Src/stm32f4xx_hal_dma.o
                0x0000000008002d54                HAL_DMA_Abort
 .text.HAL_DMA_Abort_IT
                0x0000000008002e34       0x44 ./Drivers/STM32F4xx_HAL_Driver/Src/stm32f4xx_hal_dma.o
                0x0000000008002e34                HAL_DMA_Abort_IT
 .text.HAL_DMA_IRQHandler
                0x0000000008002e78      0x314 ./Drivers/STM32F4xx_HAL_Driver/Src/stm32f4xx_hal_dma.o
                0x0000000008002e78                HAL_DMA_IRQHandler
 .text.DMA_SetConfig
                0x000000000800318c       0x5c ./Drivers/STM32F4xx_HAL_Driver/Src/stm32f4xx_hal_dma.o
 .text.DMA_CalcBaseAndBitshift
                0x00000000080031e8       0x6c ./Drivers/STM32F4xx_HAL_Driver/Src/stm32f4xx_hal_dma.o
 .text.DMA_CheckFifoParam
                0x0000000008003254       0xf8 ./Drivers/STM32F4xx_HAL_Driver/Src/stm32f4xx_hal_dma.o
 .text.HAL_GPIO_Init
                0x000000000800334c      0x308 ./Drivers/STM32F4xx_HAL_Driver/Src/stm32f4xx_hal_gpio.o
                0x000000000800334c                HAL_GPIO_Init
 .text.HAL_GPIO_ReadPin
                0x0000000008003654       0x30 ./Drivers/STM32F4xx_HAL_Driver/Src/stm32f4xx_hal_gpio.o
                0x0000000008003654                HAL_GPIO_ReadPin
 .text.HAL_GPIO_WritePin
                0x0000000008003684       0x32 ./Drivers/STM32F4xx_HAL_Driver/Src/stm32f4xx_hal_gpio.o
                0x0000000008003684                HAL_GPIO_WritePin
 *fill*         0x00000000080036b6        0x2 
 .text.HAL_GPIO_EXTI_IRQHandler
                0x00000000080036b8       0x30 ./Drivers/STM32F4xx_HAL_Driver/Src/stm32f4xx_hal_gpio.o
                0x00000000080036b8                HAL_GPIO_EXTI_IRQHandler
 .text.HAL_RCC_OscConfig
                0x00000000080036e8      0x4f0 ./Drivers/STM32F4xx_HAL_Driver/Src/stm32f4xx_hal_rcc.o
                0x00000000080036e8                HAL_RCC_OscConfig
 .text.HAL_RCC_ClockConfig
                0x0000000008003bd8      0x1cc ./Drivers/STM32F4xx_HAL_Driver/Src/stm32f4xx_hal_rcc.o
                0x0000000008003bd8                HAL_RCC_ClockConfig
 .text.HAL_RCC_GetSysClockFreq
                0x0000000008003da4      0x18c ./Drivers/STM32F4xx_HAL_Driver/Src/stm32f4xx_hal_rcc.o
                0x0000000008003da4                HAL_RCC_GetSysClockFreq
 .text.HAL_RCC_GetHCLKFreq
                0x0000000008003f30       0x18 ./Drivers/STM32F4xx_HAL_Driver/Src/stm32f4xx_hal_rcc.o
                0x0000000008003f30                HAL_RCC_GetHCLKFreq
 .text.HAL_RCC_GetPCLK1Freq
                0x0000000008003f48       0x28 ./Drivers/STM32F4xx_HAL_Driver/Src/stm32f4xx_hal_rcc.o
                0x0000000008003f48                HAL_RCC_GetPCLK1Freq
 .text.HAL_RCC_GetPCLK2Freq
                0x0000000008003f70       0x28 ./Drivers/STM32F4xx_HAL_Driver/Src/stm32f4xx_hal_rcc.o
                0x0000000008003f70                HAL_RCC_GetPCLK2Freq
 .text.HAL_SPI_Init
                0x0000000008003f98      0x112 ./Drivers/STM32F4xx_HAL_Driver/Src/stm32f4xx_hal_spi.o
                0x0000000008003f98                HAL_SPI_Init
 *fill*         0x00000000080040aa        0x2 
 .text.HAL_SPI_TransmitReceive_DMA
                0x00000000080040ac      0x1f4 ./Drivers/STM32F4xx_HAL_Driver/Src/stm32f4xx_hal_spi.o
                0x00000000080040ac                HAL_SPI_TransmitReceive_DMA
 .text.HAL_SPI_IRQHandler
                0x00000000080042a0      0x1e8 ./Drivers/STM32F4xx_HAL_Driver/Src/stm32f4xx_hal_spi.o
                0x00000000080042a0                HAL_SPI_IRQHandler
 .text.HAL_SPI_RxCpltCallback
                0x0000000008004488       0x14 ./Drivers/STM32F4xx_HAL_Driver/Src/stm32f4xx_hal_spi.o
                0x0000000008004488                HAL_SPI_RxCpltCallback
 .text.HAL_SPI_RxHalfCpltCallback
                0x000000000800449c       0x14 ./Drivers/STM32F4xx_HAL_Driver/Src/stm32f4xx_hal_spi.o
                0x000000000800449c                HAL_SPI_RxHalfCpltCallback
 .text.HAL_SPI_TxRxHalfCpltCallback
                0x00000000080044b0       0x14 ./Drivers/STM32F4xx_HAL_Driver/Src/stm32f4xx_hal_spi.o
                0x00000000080044b0                HAL_SPI_TxRxHalfCpltCallback
 .text.HAL_SPI_ErrorCallback
                0x00000000080044c4       0x14 ./Drivers/STM32F4xx_HAL_Driver/Src/stm32f4xx_hal_spi.o
                0x00000000080044c4                HAL_SPI_ErrorCallback
 .text.SPI_DMAReceiveCplt
                0x00000000080044d8       0xa8 ./Drivers/STM32F4xx_HAL_Driver/Src/stm32f4xx_hal_spi.o
 .text.SPI_DMATransmitReceiveCplt
                0x0000000008004580       0x90 ./Drivers/STM32F4xx_HAL_Driver/Src/stm32f4xx_hal_spi.o
 .text.SPI_DMAHalfReceiveCplt
                0x0000000008004610       0x1c ./Drivers/STM32F4xx_HAL_Driver/Src/stm32f4xx_hal_spi.o
 .text.SPI_DMAHalfTransmitReceiveCplt
                0x000000000800462c       0x1c ./Drivers/STM32F4xx_HAL_Driver/Src/stm32f4xx_hal_spi.o
 .text.SPI_DMAError
                0x0000000008004648       0x40 ./Drivers/STM32F4xx_HAL_Driver/Src/stm32f4xx_hal_spi.o
 .text.SPI_DMAAbortOnError
                0x0000000008004688       0x28 ./Drivers/STM32F4xx_HAL_Driver/Src/stm32f4xx_hal_spi.o
 .text.SPI_WaitFlagStateUntilTimeout
                0x00000000080046b0      0x110 ./Drivers/STM32F4xx_HAL_Driver/Src/stm32f4xx_hal_spi.o
 .text.SPI_EndRxTransaction
                0x00000000080047c0       0xca ./Drivers/STM32F4xx_HAL_Driver/Src/stm32f4xx_hal_spi.o
 *fill*         0x000000000800488a        0x2 
 .text.SPI_EndRxTxTransaction
                0x000000000800488c       0xa8 ./Drivers/STM32F4xx_HAL_Driver/Src/stm32f4xx_hal_spi.o
 .text.HAL_TIM_Base_Init
                0x0000000008004934       0x9e ./Drivers/STM32F4xx_HAL_Driver/Src/stm32f4xx_hal_tim.o
                0x0000000008004934                HAL_TIM_Base_Init
 .text.HAL_TIM_ConfigClockSource
                0x00000000080049d2      0x18e ./Drivers/STM32F4xx_HAL_Driver/Src/stm32f4xx_hal_tim.o
                0x00000000080049d2                HAL_TIM_ConfigClockSource
 .text.TIM_Base_SetConfig
                0x0000000008004b60      0x118 ./Drivers/STM32F4xx_HAL_Driver/Src/stm32f4xx_hal_tim.o
                0x0000000008004b60                TIM_Base_SetConfig
 .text.TIM_TI1_ConfigInputStage
                0x0000000008004c78       0x5e ./Drivers/STM32F4xx_HAL_Driver/Src/stm32f4xx_hal_tim.o
 .text.TIM_TI2_ConfigInputStage
                0x0000000008004cd6       0x60 ./Drivers/STM32F4xx_HAL_Driver/Src/stm32f4xx_hal_tim.o
 .text.TIM_ITRx_SetConfig
                0x0000000008004d36       0x36 ./Drivers/STM32F4xx_HAL_Driver/Src/stm32f4xx_hal_tim.o
 .text.TIM_ETR_SetConfig
                0x0000000008004d6c       0x40 ./Drivers/STM32F4xx_HAL_Driver/Src/stm32f4xx_hal_tim.o
                0x0000000008004d6c                TIM_ETR_SetConfig
 .text.HAL_TIMEx_MasterConfigSynchronization
                0x0000000008004dac       0xdc ./Drivers/STM32F4xx_HAL_Driver/Src/stm32f4xx_hal_tim_ex.o
                0x0000000008004dac                HAL_TIMEx_MasterConfigSynchronization
 .text.HAL_UART_Init
                0x0000000008004e88       0xa0 ./Drivers/STM32F4xx_HAL_Driver/Src/stm32f4xx_hal_uart.o
                0x0000000008004e88                HAL_UART_Init
 .text.HAL_UART_Transmit_DMA
                0x0000000008004f28       0xe0 ./Drivers/STM32F4xx_HAL_Driver/Src/stm32f4xx_hal_uart.o
                0x0000000008004f28                HAL_UART_Transmit_DMA
 .text.HAL_UART_IRQHandler
                0x0000000008005008      0x524 ./Drivers/STM32F4xx_HAL_Driver/Src/stm32f4xx_hal_uart.o
                0x0000000008005008                HAL_UART_IRQHandler
 .text.HAL_UART_TxHalfCpltCallback
                0x000000000800552c       0x14 ./Drivers/STM32F4xx_HAL_Driver/Src/stm32f4xx_hal_uart.o
                0x000000000800552c                HAL_UART_TxHalfCpltCallback
 .text.HAL_UART_RxCpltCallback
                0x0000000008005540       0x14 ./Drivers/STM32F4xx_HAL_Driver/Src/stm32f4xx_hal_uart.o
                0x0000000008005540                HAL_UART_RxCpltCallback
 .text.HAL_UART_ErrorCallback
                0x0000000008005554       0x14 ./Drivers/STM32F4xx_HAL_Driver/Src/stm32f4xx_hal_uart.o
                0x0000000008005554                HAL_UART_ErrorCallback
 .text.HAL_UARTEx_RxEventCallback
                0x0000000008005568       0x18 ./Drivers/STM32F4xx_HAL_Driver/Src/stm32f4xx_hal_uart.o
                0x0000000008005568                HAL_UARTEx_RxEventCallback
 .text.UART_DMATransmitCplt
                0x0000000008005580       0x9a ./Drivers/STM32F4xx_HAL_Driver/Src/stm32f4xx_hal_uart.o
 .text.UART_DMATxHalfCplt
                0x000000000800561a       0x1c ./Drivers/STM32F4xx_HAL_Driver/Src/stm32f4xx_hal_uart.o
 .text.UART_DMAError
                0x0000000008005636       0x94 ./Drivers/STM32F4xx_HAL_Driver/Src/stm32f4xx_hal_uart.o
 .text.UART_EndTxTransfer
                0x00000000080056ca       0x50 ./Drivers/STM32F4xx_HAL_Driver/Src/stm32f4xx_hal_uart.o
 .text.UART_EndRxTransfer
                0x000000000800571a       0xc6 ./Drivers/STM32F4xx_HAL_Driver/Src/stm32f4xx_hal_uart.o
 .text.UART_DMAAbortOnError
                0x00000000080057e0       0x28 ./Drivers/STM32F4xx_HAL_Driver/Src/stm32f4xx_hal_uart.o
 .text.UART_Transmit_IT
                0x0000000008005808       0xa0 ./Drivers/STM32F4xx_HAL_Driver/Src/stm32f4xx_hal_uart.o
 .text.UART_EndTransmit_IT
                0x00000000080058a8       0x30 ./Drivers/STM32F4xx_HAL_Driver/Src/stm32f4xx_hal_uart.o
 .text.UART_Receive_IT
                0x00000000080058d8      0x17c ./Drivers/STM32F4xx_HAL_Driver/Src/stm32f4xx_hal_uart.o
 .text.UART_SetConfig
                0x0000000008005a54      0x4e8 ./Drivers/STM32F4xx_HAL_Driver/Src/stm32f4xx_hal_uart.o
 .text.snprintf
                0x0000000008005f3c       0x68 /home/user/.var/st/stm32cubeide/plugins/com.st.stm32cube.ide.mcu.externaltools.gnu-tools-for-stm32.11.3.rel1.linux64_1.1.100.202309141235/tools/bin/../lib/gcc/arm-none-eabi/11.3.1/../../../../arm-none-eabi/lib/thumb/v7e-m+fp/hard/libc_nano.a(libc_a-snprintf.o)
                0x0000000008005f3c                snprintf
                0x0000000008005f3c                sniprintf
 .text.memcmp   0x0000000008005fa4       0x20 /home/user/.var/st/stm32cubeide/plugins/com.st.stm32cube.ide.mcu.externaltools.gnu-tools-for-stm32.11.3.rel1.linux64_1.1.100.202309141235/tools/bin/../lib/gcc/arm-none-eabi/11.3.1/../../../../arm-none-eabi/lib/thumb/v7e-m+fp/hard/libc_nano.a(libc_a-memcmp.o)
                0x0000000008005fa4                memcmp
 .text.memset   0x0000000008005fc4       0x10 /home/user/.var/st/stm32cubeide/plugins/com.st.stm32cube.ide.mcu.externaltools.gnu-tools-for-stm32.11.3.rel1.linux64_1.1.100.202309141235/tools/bin/../lib/gcc/arm-none-eabi/11.3.1/../../../../arm-none-eabi/lib/thumb/v7e-m+fp/hard/libc_nano.a(libc_a-memset.o)
                0x0000000008005fc4                memset
 .text.__errno  0x0000000008005fd4        0xc /home/user/.var/st/stm32cubeide/plugins/com.st.stm32cube.ide.mcu.externaltools.gnu-tools-for-stm32.11.3.rel1.linux64_1.1.100.202309141235/tools/bin/../lib/gcc/arm-none-eabi/11.3.1/../../../../arm-none-eabi/lib/thumb/v7e-m+fp/hard/libc_nano.a(libc_a-errno.o)
                0x0000000008005fd4                __errno
 .text.__libc_init_array
                0x0000000008005fe0       0x48 /home/user/.var/st/stm32cubeide/plugins/com.st.stm32cube.ide.mcu.externaltools.gnu-tools-for-stm32.11.3.rel1.linux64_1.1.100.202309141235/tools/bin/../lib/gcc/arm-none-eabi/11.3.1/../../../../arm-none-eabi/lib/thumb/v7e-m+fp/hard/libc_nano.a(libc_a-init.o)
                0x0000000008005fe0                __libc_init_array
 .text.__retarget_lock_acquire_recursive
                0x0000000008006028        0x2 /home/user/.var/st/stm32cubeide/plugins/com.st.stm32cube.ide.mcu.externaltools.gnu-tools-for-stm32.11.3.rel1.linux64_1.1.100.202309141235/tools/bin/../lib/gcc/arm-none-eabi/11.3.1/../../../../arm-none-eabi/lib/thumb/v7e-m+fp/hard/libc_nano.a(libc_a-lock.o)
                0x0000000008006028                __retarget_lock_acquire_recursive
 .text.__retarget_lock_release_recursive
                0x000000000800602a        0x2 /home/user/.var/st/stm32cubeide/plugins/com.st.stm32cube.ide.mcu.externaltools.gnu-tools-for-stm32.11.3.rel1.linux64_1.1.100.202309141235/tools/bin/../lib/gcc/arm-none-eabi/11.3.1/../../../../arm-none-eabi/lib/thumb/v7e-m+fp/hard/libc_nano.a(libc_a-lock.o)
                0x000000000800602a                __retarget_lock_release_recursive
 .text._free_r  0x000000000800602c       0x98 /home/user/.var/st/stm32cubeide/plugins/com.st.stm32cube.ide.mcu.externaltools.gnu-tools-for-stm32.11.3.rel1.linux64_1.1.100.202309141235/tools/bin/../lib/gcc/arm-none-eabi/11.3.1/../../../../arm-none-eabi/lib/thumb/v7e-m+fp/hard/libc_nano.a(libc_a-freer.o)
                0x000000000800602c                _free_r
 .text.sbrk_aligned
                0x00000000080060c4       0x40 /home/user/.var/st/stm32cubeide/plugins/com.st.stm32cube.ide.mcu.externaltools.gnu-tools-for-stm32.11.3.rel1.linux64_1.1.100.202309141235/tools/bin/../lib/gcc/arm-none-eabi/11.3.1/../../../../arm-none-eabi/lib/thumb/v7e-m+fp/hard/libc_nano.a(libc_a-mallocr.o)
 .text._malloc_r
                0x0000000008006104      0x100 /home/user/.var/st/stm32cubeide/plugins/com.st.stm32cube.ide.mcu.externaltools.gnu-tools-for-stm32.11.3.rel1.linux64_1.1.100.202309141235/tools/bin/../lib/gcc/arm-none-eabi/11.3.1/../../../../arm-none-eabi/lib/thumb/v7e-m+fp/hard/libc_nano.a(libc_a-mallocr.o)
                0x0000000008006104                _malloc_r
 .text.__malloc_lock
                0x0000000008006204        0xc /home/user/.var/st/stm32cubeide/plugins/com.st.stm32cube.ide.mcu.externaltools.gnu-tools-for-stm32.11.3.rel1.linux64_1.1.100.202309141235/tools/bin/../lib/gcc/arm-none-eabi/11.3.1/../../../../arm-none-eabi/lib/thumb/v7e-m+fp/hard/libc_nano.a(libc_a-mlock.o)
                0x0000000008006204                __malloc_lock
 .text.__malloc_unlock
                0x0000000008006210        0xc /home/user/.var/st/stm32cubeide/plugins/com.st.stm32cube.ide.mcu.externaltools.gnu-tools-for-stm32.11.3.rel1.linux64_1.1.100.202309141235/tools/bin/../lib/gcc/arm-none-eabi/11.3.1/../../../../arm-none-eabi/lib/thumb/v7e-m+fp/hard/libc_nano.a(libc_a-mlock.o)
                0x0000000008006210                __malloc_unlock
 .text.__ssputs_r
                0x000000000800621c       0xb4 /home/user/.var/st/stm32cubeide/plugins/com.st.stm32cube.ide.mcu.externaltools.gnu-tools-for-stm32.11.3.rel1.linux64_1.1.100.202309141235/tools/bin/../lib/gcc/arm-none-eabi/11.3.1/../../../../arm-none-eabi/lib/thumb/v7e-m+fp/hard/libc_nano.a(libc_a-nano-svfprintf.o)
                0x000000000800621c                __ssputs_r
 .text._svfprintf_r
                0x00000000080062d0      0x1fc /home/user/.var/st/stm32cubeide/plugins/com.st.stm32cube.ide.mcu.externaltools.gnu-tools-for-stm32.11.3.rel1.linux64_1.1.100.202309141235/tools/bin/../lib/gcc/arm-none-eabi/11.3.1/../../../../arm-none-eabi/lib/thumb/v7e-m+fp/hard/libc_nano.a(libc_a-nano-svfprintf.o)
                0x00000000080062d0                _svfprintf_r
                0x00000000080062d0                _svfiprintf_r
 .text._printf_common
                0x00000000080064cc       0xda /home/user/.var/st/stm32cubeide/plugins/com.st.stm32cube.ide.mcu.externaltools.gnu-tools-for-stm32.11.3.rel1.linux64_1.1.100.202309141235/tools/bin/../lib/gcc/arm-none-eabi/11.3.1/../../../../arm-none-eabi/lib/thumb/v7e-m+fp/hard/libc_nano.a(libc_a-nano-vfprintf_i.o)
                0x00000000080064cc                _printf_common
 *fill*         0x00000000080065a6        0x2 
 .text._printf_i
                0x00000000080065a8      0x244 /home/user/.var/st/stm32cubeide/plugins/com.st.stm32cube.ide.mcu.externaltools.gnu-tools-for-stm32.11.3.rel1.linux64_1.1.100.202309141235/tools/bin/../lib/gcc/arm-none-eabi/11.3.1/../../../../arm-none-eabi/lib/thumb/v7e-m+fp/hard/libc_nano.a(libc_a-nano-vfprintf_i.o)
                0x00000000080065a8                _printf_i
 .text.memmove  0x00000000080067ec       0x34 /home/user/.var/st/stm32cubeide/plugins/com.st.stm32cube.ide.mcu.externaltools.gnu-tools-for-stm32.11.3.rel1.linux64_1.1.100.202309141235/tools/bin/../lib/gcc/arm-none-eabi/11.3.1/../../../../arm-none-eabi/lib/thumb/v7e-m+fp/hard/libc_nano.a(libc_a-memmove.o)
                0x00000000080067ec                memmove
 .text._sbrk_r  0x0000000008006820       0x20 /home/user/.var/st/stm32cubeide/plugins/com.st.stm32cube.ide.mcu.externaltools.gnu-tools-for-stm32.11.3.rel1.linux64_1.1.100.202309141235/tools/bin/../lib/gcc/arm-none-eabi/11.3.1/../../../../arm-none-eabi/lib/thumb/v7e-m+fp/hard/libc_nano.a(libc_a-sbrkr.o)
                0x0000000008006820                _sbrk_r
 .text.memcpy   0x0000000008006840       0x1c /home/user/.var/st/stm32cubeide/plugins/com.st.stm32cube.ide.mcu.externaltools.gnu-tools-for-stm32.11.3.rel1.linux64_1.1.100.202309141235/tools/bin/../lib/gcc/arm-none-eabi/11.3.1/../../../../arm-none-eabi/lib/thumb/v7e-m+fp/hard/libc_nano.a(libc_a-memcpy-stub.o)
                0x0000000008006840                memcpy
 .text._realloc_r
                0x000000000800685c       0x5e /home/user/.var/st/stm32cubeide/plugins/com.st.stm32cube.ide.mcu.externaltools.gnu-tools-for-stm32.11.3.rel1.linux64_1.1.100.202309141235/tools/bin/../lib/gcc/arm-none-eabi/11.3.1/../../../../arm-none-eabi/lib/thumb/v7e-m+fp/hard/libc_nano.a(libc_a-reallocr.o)
                0x000000000800685c                _realloc_r
 .text._malloc_usable_size_r
                0x00000000080068ba       0x10 /home/user/.var/st/stm32cubeide/plugins/com.st.stm32cube.ide.mcu.externaltools.gnu-tools-for-stm32.11.3.rel1.linux64_1.1.100.202309141235/tools/bin/../lib/gcc/arm-none-eabi/11.3.1/../../../../arm-none-eabi/lib/thumb/v7e-m+fp/hard/libc_nano.a(libc_a-msizer.o)
                0x00000000080068ba                _malloc_usable_size_r
 *(.glue_7)
 .glue_7        0x00000000080068ca        0x0 linker stubs
 *(.glue_7t)
 .glue_7t       0x00000000080068ca        0x0 linker stubs
 *(.eh_frame)
 *fill*         0x00000000080068ca        0x2 
 .eh_frame      0x00000000080068cc        0x0 /home/user/.var/st/stm32cubeide/plugins/com.st.stm32cube.ide.mcu.externaltools.gnu-tools-for-stm32.11.3.rel1.linux64_1.1.100.202309141235/tools/bin/../lib/gcc/arm-none-eabi/11.3.1/thumb/v7e-m+fp/hard/crtbegin.o
 *(.init)
 .init          0x00000000080068cc        0x4 /home/user/.var/st/stm32cubeide/plugins/com.st.stm32cube.ide.mcu.externaltools.gnu-tools-for-stm32.11.3.rel1.linux64_1.1.100.202309141235/tools/bin/../lib/gcc/arm-none-eabi/11.3.1/thumb/v7e-m+fp/hard/crti.o
                0x00000000080068cc                _init
 .init          0x00000000080068d0        0x8 /home/user/.var/st/stm32cubeide/plugins/com.st.stm32cube.ide.mcu.externaltools.gnu-tools-for-stm32.11.3.rel1.linux64_1.1.100.202309141235/tools/bin/../lib/gcc/arm-none-eabi/11.3.1/thumb/v7e-m+fp/hard/crtn.o
 *(.fini)
 .fini          0x00000000080068d8        0x4 /home/user/.var/st/stm32cubeide/plugins/com.st.stm32cube.ide.mcu.externaltools.gnu-tools-for-stm32.11.3.rel1.linux64_1.1.100.202309141235/tools/bin/../lib/gcc/arm-none-eabi/11.3.1/thumb/v7e-m+fp/hard/crti.o
                0x00000000080068d8                _fini
 .fini          0x00000000080068dc        0x8 /home/user/.var/st/stm32cubeide/plugins/com.st.stm32cube.ide.mcu.externaltools.gnu-tools-for-stm32.11.3.rel1.linux64_1.1.100.202309141235/tools/bin/../lib/gcc/arm-none-eabi/11.3.1/thumb/v7e-m+fp/hard/crtn.o
                0x00000000080068e4                . = ALIGN (0x4)
                0x00000000080068e4                _etext = .

.vfp11_veneer   0x00000000080068e4        0x0
 .vfp11_veneer  0x00000000080068e4        0x0 linker stubs

.v4_bx          0x00000000080068e4        0x0
 .v4_bx         0x00000000080068e4        0x0 linker stubs

.iplt           0x00000000080068e4        0x0
 .iplt          0x00000000080068e4        0x0 /home/user/.var/st/stm32cubeide/plugins/com.st.stm32cube.ide.mcu.externaltools.gnu-tools-for-stm32.11.3.rel1.linux64_1.1.100.202309141235/tools/bin/../lib/gcc/arm-none-eabi/11.3.1/thumb/v7e-m+fp/hard/crtbegin.o

.rodata         0x00000000080068e4      0x20c
                0x00000000080068e4                . = ALIGN (0x4)
 *(.rodata)
 .rodata        0x00000000080068e4      0x1b8 ./Core/Src/main.o
 *(.rodata*)
 .rodata.AHBPrescTable
                0x0000000008006a9c       0x10 ./Core/Src/system_stm32f4xx.o
                0x0000000008006a9c                AHBPrescTable
 .rodata.APBPrescTable
                0x0000000008006aac        0x8 ./Core/Src/system_stm32f4xx.o
                0x0000000008006aac                APBPrescTable
 .rodata.flagBitshiftOffset.0
                0x0000000008006ab4        0x8 ./Drivers/STM32F4xx_HAL_Driver/Src/stm32f4xx_hal_dma.o
 .rodata._svfprintf_r.str1.1
                0x0000000008006abc       0x11 /home/user/.var/st/stm32cubeide/plugins/com.st.stm32cube.ide.mcu.externaltools.gnu-tools-for-stm32.11.3.rel1.linux64_1.1.100.202309141235/tools/bin/../lib/gcc/arm-none-eabi/11.3.1/../../../../arm-none-eabi/lib/thumb/v7e-m+fp/hard/libc_nano.a(libc_a-nano-svfprintf.o)
 .rodata._printf_i.str1.1
                0x0000000008006acd       0x22 /home/user/.var/st/stm32cubeide/plugins/com.st.stm32cube.ide.mcu.externaltools.gnu-tools-for-stm32.11.3.rel1.linux64_1.1.100.202309141235/tools/bin/../lib/gcc/arm-none-eabi/11.3.1/../../../../arm-none-eabi/lib/thumb/v7e-m+fp/hard/libc_nano.a(libc_a-nano-vfprintf_i.o)
                0x0000000008006af0                . = ALIGN (0x4)
 *fill*         0x0000000008006aef        0x1 

.ARM.extab      0x0000000008006af0        0x0
                0x0000000008006af0                . = ALIGN (0x4)
 *(.ARM.extab* .gnu.linkonce.armextab.*)
                0x0000000008006af0                . = ALIGN (0x4)

.ARM            0x0000000008006af0        0x8
                0x0000000008006af0                . = ALIGN (0x4)
                0x0000000008006af0                __exidx_start = .
 *(.ARM.exidx*)
 .ARM.exidx     0x0000000008006af0        0x8 /home/user/.var/st/stm32cubeide/plugins/com.st.stm32cube.ide.mcu.externaltools.gnu-tools-for-stm32.11.3.rel1.linux64_1.1.100.202309141235/tools/bin/../lib/gcc/arm-none-eabi/11.3.1/thumb/v7e-m+fp/hard/libgcc.a(_udivmoddi4.o)
                0x0000000008006af8                __exidx_end = .
                0x0000000008006af8                . = ALIGN (0x4)

.rel.dyn        0x0000000008006af8        0x0
 .rel.iplt      0x0000000008006af8        0x0 /home/user/.var/st/stm32cubeide/plugins/com.st.stm32cube.ide.mcu.externaltools.gnu-tools-for-stm32.11.3.rel1.linux64_1.1.100.202309141235/tools/bin/../lib/gcc/arm-none-eabi/11.3.1/thumb/v7e-m+fp/hard/crtbegin.o

.preinit_array  0x0000000008006af8        0x0
                0x0000000008006af8                . = ALIGN (0x4)
                0x0000000008006af8                PROVIDE (__preinit_array_start = .)
 *(.preinit_array*)
                0x0000000008006af8                PROVIDE (__preinit_array_end = .)
                0x0000000008006af8                . = ALIGN (0x4)

.init_array     0x0000000008006af8        0x4
                0x0000000008006af8                . = ALIGN (0x4)
                0x0000000008006af8                PROVIDE (__init_array_start = .)
 *(SORT_BY_NAME(.init_array.*))
 *(.init_array*)
 .init_array    0x0000000008006af8        0x4 /home/user/.var/st/stm32cubeide/plugins/com.st.stm32cube.ide.mcu.externaltools.gnu-tools-for-stm32.11.3.rel1.linux64_1.1.100.202309141235/tools/bin/../lib/gcc/arm-none-eabi/11.3.1/thumb/v7e-m+fp/hard/crtbegin.o
                0x0000000008006afc                PROVIDE (__init_array_end = .)
                0x0000000008006afc                . = ALIGN (0x4)

.fini_array     0x0000000008006afc        0x4
                0x0000000008006afc                . = ALIGN (0x4)
                [!provide]                        PROVIDE (__fini_array_start = .)
 *(SORT_BY_NAME(.fini_array.*))
 *(.fini_array*)
 .fini_array    0x0000000008006afc        0x4 /home/user/.var/st/stm32cubeide/plugins/com.st.stm32cube.ide.mcu.externaltools.gnu-tools-for-stm32.11.3.rel1.linux64_1.1.100.202309141235/tools/bin/../lib/gcc/arm-none-eabi/11.3.1/thumb/v7e-m+fp/hard/crtbegin.o
                [!provide]                        PROVIDE (__fini_array_end = .)
                0x0000000008006b00                . = ALIGN (0x4)
                0x0000000008006b00                _sidata = LOADADDR (.data)

.data           0x0000000020000000       0xa4 load address 0x0000000008006b00
                0x0000000020000000                . = ALIGN (0x4)
                0x0000000020000000                _sdata = .
 *(.data)
 *(.data*)
 .data.netInfo  0x0000000020000000       0x17 ./Core/Src/main.o
                0x0000000020000000                netInfo
 *fill*         0x0000000020000017        0x1 
 .data.sock_any_port
                0x0000000020000018        0x2 ./Core/Src/socket.o
 *fill*         0x000000002000001a        0x2 
 .data.SystemCoreClock
                0x000000002000001c        0x4 ./Core/Src/system_stm32f4xx.o
                0x000000002000001c                SystemCoreClock
 .data.WIZCHIP  0x0000000020000020       0x2c ./Core/Src/wizchip_conf.o
                0x0000000020000020                WIZCHIP
 .data.uwTickPrio
                0x000000002000004c        0x4 ./Drivers/STM32F4xx_HAL_Driver/Src/stm32f4xx_hal.o
                0x000000002000004c                uwTickPrio
 .data.uwTickFreq
                0x0000000020000050        0x1 ./Drivers/STM32F4xx_HAL_Driver/Src/stm32f4xx_hal.o
                0x0000000020000050                uwTickFreq
 *fill*         0x0000000020000051        0x3 
 .data._impure_data
                0x0000000020000054       0x4c /home/user/.var/st/stm32cubeide/plugins/com.st.stm32cube.ide.mcu.externaltools.gnu-tools-for-stm32.11.3.rel1.linux64_1.1.100.202309141235/tools/bin/../lib/gcc/arm-none-eabi/11.3.1/../../../../arm-none-eabi/lib/thumb/v7e-m+fp/hard/libc_nano.a(libc_a-impure.o)
                0x0000000020000054                _impure_data
 .data._impure_ptr
                0x00000000200000a0        0x4 /home/user/.var/st/stm32cubeide/plugins/com.st.stm32cube.ide.mcu.externaltools.gnu-tools-for-stm32.11.3.rel1.linux64_1.1.100.202309141235/tools/bin/../lib/gcc/arm-none-eabi/11.3.1/../../../../arm-none-eabi/lib/thumb/v7e-m+fp/hard/libc_nano.a(libc_a-impure.o)
                0x00000000200000a0                _impure_ptr
 *(.RamFunc)
 *(.RamFunc*)
                0x00000000200000a4                . = ALIGN (0x4)
                0x00000000200000a4                _edata = .

.igot.plt       0x00000000200000a4        0x0 load address 0x0000000008006ba4
 .igot.plt      0x00000000200000a4        0x0 /home/user/.var/st/stm32cubeide/plugins/com.st.stm32cube.ide.mcu.externaltools.gnu-tools-for-stm32.11.3.rel1.linux64_1.1.100.202309141235/tools/bin/../lib/gcc/arm-none-eabi/11.3.1/thumb/v7e-m+fp/hard/crtbegin.o
                0x00000000200000a4                . = ALIGN (0x4)

.bss            0x00000000200000a4     0xc46c load address 0x0000000008006ba4
                0x00000000200000a4                _sbss = .
                0x00000000200000a4                __bss_start__ = _sbss
 *(.bss)
 .bss           0x00000000200000a4       0x1c /home/user/.var/st/stm32cubeide/plugins/com.st.stm32cube.ide.mcu.externaltools.gnu-tools-for-stm32.11.3.rel1.linux64_1.1.100.202309141235/tools/bin/../lib/gcc/arm-none-eabi/11.3.1/thumb/v7e-m+fp/hard/crtbegin.o
 *(.bss*)
 .bss.stat      0x00000000200000c0        0x1 ./Core/Src/main.o
                0x00000000200000c0                stat
 *fill*         0x00000000200000c1        0x3 
 .bss.spi_tx_buf
                0x00000000200000c4     0x2000 ./Core/Src/main.o
 .bss.spi_rx_buf
                0x00000000200020c4     0x2000 ./Core/Src/main.o
 .bss.spi_dma_completed
                0x00000000200040c4        0x1 ./Core/Src/main.o
                0x00000000200040c4                spi_dma_completed
 .bss.uartTxComplete
                0x00000000200040c5        0x1 ./Core/Src/main.o
                0x00000000200040c5                uartTxComplete
 *fill*         0x00000000200040c6        0x2 
 .bss.current_page
                0x00000000200040c8        0x4 ./Core/Src/main.o
                0x00000000200040c8                current_page
 .bss.write_buffer
                0x00000000200040cc     0x4000 ./Core/Src/main.o
                0x00000000200040cc                write_buffer
 .bss.read_buffer
                0x00000000200080cc     0x4000 ./Core/Src/main.o
                0x00000000200080cc                read_buffer
 .bss.button_pressed_flag
                0x000000002000c0cc        0x1 ./Core/Src/main.o
                0x000000002000c0cc                button_pressed_flag
 *fill*         0x000000002000c0cd        0x3 
 .bss.hspi2     0x000000002000c0d0       0x58 ./Core/Src/main.o
                0x000000002000c0d0                hspi2
 .bss.hdma_spi2_rx
                0x000000002000c128       0x60 ./Core/Src/main.o
                0x000000002000c128                hdma_spi2_rx
 .bss.hdma_spi2_tx
                0x000000002000c188       0x60 ./Core/Src/main.o
                0x000000002000c188                hdma_spi2_tx
 .bss.htim2     0x000000002000c1e8       0x48 ./Core/Src/main.o
                0x000000002000c1e8                htim2
 .bss.huart2    0x000000002000c230       0x48 ./Core/Src/main.o
                0x000000002000c230                huart2
 .bss.hdma_usart2_rx
                0x000000002000c278       0x60 ./Core/Src/main.o
                0x000000002000c278                hdma_usart2_rx
 .bss.hdma_usart2_tx
                0x000000002000c2d8       0x60 ./Core/Src/main.o
                0x000000002000c2d8                hdma_usart2_tx
 .bss.hdma_memtomem_dma2_stream0
                0x000000002000c338       0x60 ./Core/Src/main.o
                0x000000002000c338                hdma_memtomem_dma2_stream0
 .bss.initialized.0
                0x000000002000c398        0x1 ./Core/Src/main.o
 *fill*         0x000000002000c399        0x1 
 .bss.sock_io_mode
                0x000000002000c39a        0x2 ./Core/Src/socket.o
 .bss.sock_is_sending
                0x000000002000c39c        0x2 ./Core/Src/socket.o
 *fill*         0x000000002000c39e        0x2 
 .bss.sock_remained_size
                0x000000002000c3a0       0x10 ./Core/Src/socket.o
 .bss.sock_pack_info
                0x000000002000c3b0        0x8 ./Core/Src/socket.o
                0x000000002000c3b0                sock_pack_info
 .bss.__sbrk_heap_end
                0x000000002000c3b8        0x4 ./Core/Src/sysmem.o
 .bss._DNS_     0x000000002000c3bc        0x4 ./Core/Src/wizchip_conf.o
 .bss._DHCP_    0x000000002000c3c0        0x1 ./Core/Src/wizchip_conf.o
 *fill*         0x000000002000c3c1        0x3 
 .bss.uwTick    0x000000002000c3c4        0x4 ./Drivers/STM32F4xx_HAL_Driver/Src/stm32f4xx_hal.o
                0x000000002000c3c4                uwTick
 .bss.__sf      0x000000002000c3c8      0x138 /home/user/.var/st/stm32cubeide/plugins/com.st.stm32cube.ide.mcu.externaltools.gnu-tools-for-stm32.11.3.rel1.linux64_1.1.100.202309141235/tools/bin/../lib/gcc/arm-none-eabi/11.3.1/../../../../arm-none-eabi/lib/thumb/v7e-m+fp/hard/libc_nano.a(libc_a-findfp.o)
                0x000000002000c3c8                __sf
 .bss.errno     0x000000002000c500        0x4 /home/user/.var/st/stm32cubeide/plugins/com.st.stm32cube.ide.mcu.externaltools.gnu-tools-for-stm32.11.3.rel1.linux64_1.1.100.202309141235/tools/bin/../lib/gcc/arm-none-eabi/11.3.1/../../../../arm-none-eabi/lib/thumb/v7e-m+fp/hard/libc_nano.a(libc_a-reent.o)
                0x000000002000c500                errno
 .bss.__lock___malloc_recursive_mutex
                0x000000002000c504        0x1 /home/user/.var/st/stm32cubeide/plugins/com.st.stm32cube.ide.mcu.externaltools.gnu-tools-for-stm32.11.3.rel1.linux64_1.1.100.202309141235/tools/bin/../lib/gcc/arm-none-eabi/11.3.1/../../../../arm-none-eabi/lib/thumb/v7e-m+fp/hard/libc_nano.a(libc_a-lock.o)
                0x000000002000c504                __lock___malloc_recursive_mutex
 *fill*         0x000000002000c505        0x3 
 .bss.__malloc_free_list
                0x000000002000c508        0x4 /home/user/.var/st/stm32cubeide/plugins/com.st.stm32cube.ide.mcu.externaltools.gnu-tools-for-stm32.11.3.rel1.linux64_1.1.100.202309141235/tools/bin/../lib/gcc/arm-none-eabi/11.3.1/../../../../arm-none-eabi/lib/thumb/v7e-m+fp/hard/libc_nano.a(libc_a-mallocr.o)
                0x000000002000c508                __malloc_free_list
 .bss.__malloc_sbrk_start
                0x000000002000c50c        0x4 /home/user/.var/st/stm32cubeide/plugins/com.st.stm32cube.ide.mcu.externaltools.gnu-tools-for-stm32.11.3.rel1.linux64_1.1.100.202309141235/tools/bin/../lib/gcc/arm-none-eabi/11.3.1/../../../../arm-none-eabi/lib/thumb/v7e-m+fp/hard/libc_nano.a(libc_a-mallocr.o)
                0x000000002000c50c                __malloc_sbrk_start
 *(COMMON)
                0x000000002000c510                . = ALIGN (0x4)
                0x000000002000c510                _ebss = .
                0x000000002000c510                __bss_end__ = _ebss

._user_heap_stack
                0x000000002000c510      0x600 load address 0x0000000008006ba4
                0x000000002000c510                . = ALIGN (0x8)
                [!provide]                        PROVIDE (end = .)
                0x000000002000c510                PROVIDE (_end = .)
                0x000000002000c710                . = (. + _Min_Heap_Size)
 *fill*         0x000000002000c510      0x200 
                0x000000002000cb10                . = (. + _Min_Stack_Size)
 *fill*         0x000000002000c710      0x400 
                0x000000002000cb10                . = ALIGN (0x8)

/DISCARD/
 libc.a(*)
 libm.a(*)
 libgcc.a(*)

.ARM.attributes
                0x0000000000000000       0x30
 *(.ARM.attributes)
 .ARM.attributes
                0x0000000000000000       0x1e /home/user/.var/st/stm32cubeide/plugins/com.st.stm32cube.ide.mcu.externaltools.gnu-tools-for-stm32.11.3.rel1.linux64_1.1.100.202309141235/tools/bin/../lib/gcc/arm-none-eabi/11.3.1/thumb/v7e-m+fp/hard/crti.o
 .ARM.attributes
                0x000000000000001e       0x34 /home/user/.var/st/stm32cubeide/plugins/com.st.stm32cube.ide.mcu.externaltools.gnu-tools-for-stm32.11.3.rel1.linux64_1.1.100.202309141235/tools/bin/../lib/gcc/arm-none-eabi/11.3.1/thumb/v7e-m+fp/hard/crtbegin.o
 .ARM.attributes
                0x0000000000000052       0x34 ./Core/Src/main.o
 .ARM.attributes
                0x0000000000000086       0x34 ./Core/Src/socket.o
 .ARM.attributes
                0x00000000000000ba       0x34 ./Core/Src/stm32f4xx_hal_msp.o
 .ARM.attributes
                0x00000000000000ee       0x34 ./Core/Src/stm32f4xx_it.o
 .ARM.attributes
                0x0000000000000122       0x34 ./Core/Src/sysmem.o
 .ARM.attributes
                0x0000000000000156       0x34 ./Core/Src/system_stm32f4xx.o
 .ARM.attributes
                0x000000000000018a       0x34 ./Core/Src/w5500.o
 .ARM.attributes
                0x00000000000001be       0x34 ./Core/Src/wizchip_conf.o
 .ARM.attributes
                0x00000000000001f2       0x21 ./Core/Startup/startup_stm32f401retx.o
 .ARM.attributes
                0x0000000000000213       0x34 ./Drivers/STM32F4xx_HAL_Driver/Src/stm32f4xx_hal.o
 .ARM.attributes
                0x0000000000000247       0x34 ./Drivers/STM32F4xx_HAL_Driver/Src/stm32f4xx_hal_cortex.o
 .ARM.attributes
                0x000000000000027b       0x34 ./Drivers/STM32F4xx_HAL_Driver/Src/stm32f4xx_hal_dma.o
 .ARM.attributes
                0x00000000000002af       0x34 ./Drivers/STM32F4xx_HAL_Driver/Src/stm32f4xx_hal_gpio.o
 .ARM.attributes
                0x00000000000002e3       0x34 ./Drivers/STM32F4xx_HAL_Driver/Src/stm32f4xx_hal_rcc.o
 .ARM.attributes
                0x0000000000000317       0x34 ./Drivers/STM32F4xx_HAL_Driver/Src/stm32f4xx_hal_spi.o
 .ARM.attributes
                0x000000000000034b       0x34 ./Drivers/STM32F4xx_HAL_Driver/Src/stm32f4xx_hal_tim.o
 .ARM.attributes
                0x000000000000037f       0x34 ./Drivers/STM32F4xx_HAL_Driver/Src/stm32f4xx_hal_tim_ex.o
 .ARM.attributes
                0x00000000000003b3       0x34 ./Drivers/STM32F4xx_HAL_Driver/Src/stm32f4xx_hal_uart.o
 .ARM.attributes
                0x00000000000003e7       0x34 /home/user/.var/st/stm32cubeide/plugins/com.st.stm32cube.ide.mcu.externaltools.gnu-tools-for-stm32.11.3.rel1.linux64_1.1.100.202309141235/tools/bin/../lib/gcc/arm-none-eabi/11.3.1/../../../../arm-none-eabi/lib/thumb/v7e-m+fp/hard/libc_nano.a(libc_a-findfp.o)
 .ARM.attributes
                0x000000000000041b       0x34 /home/user/.var/st/stm32cubeide/plugins/com.st.stm32cube.ide.mcu.externaltools.gnu-tools-for-stm32.11.3.rel1.linux64_1.1.100.202309141235/tools/bin/../lib/gcc/arm-none-eabi/11.3.1/../../../../arm-none-eabi/lib/thumb/v7e-m+fp/hard/libc_nano.a(libc_a-snprintf.o)
 .ARM.attributes
                0x000000000000044f       0x34 /home/user/.var/st/stm32cubeide/plugins/com.st.stm32cube.ide.mcu.externaltools.gnu-tools-for-stm32.11.3.rel1.linux64_1.1.100.202309141235/tools/bin/../lib/gcc/arm-none-eabi/11.3.1/../../../../arm-none-eabi/lib/thumb/v7e-m+fp/hard/libc_nano.a(libc_a-memcmp.o)
 .ARM.attributes
                0x0000000000000483       0x34 /home/user/.var/st/stm32cubeide/plugins/com.st.stm32cube.ide.mcu.externaltools.gnu-tools-for-stm32.11.3.rel1.linux64_1.1.100.202309141235/tools/bin/../lib/gcc/arm-none-eabi/11.3.1/../../../../arm-none-eabi/lib/thumb/v7e-m+fp/hard/libc_nano.a(libc_a-memset.o)
 .ARM.attributes
                0x00000000000004b7       0x34 /home/user/.var/st/stm32cubeide/plugins/com.st.stm32cube.ide.mcu.externaltools.gnu-tools-for-stm32.11.3.rel1.linux64_1.1.100.202309141235/tools/bin/../lib/gcc/arm-none-eabi/11.3.1/../../../../arm-none-eabi/lib/thumb/v7e-m+fp/hard/libc_nano.a(libc_a-reent.o)
 .ARM.attributes
                0x00000000000004eb       0x34 /home/user/.var/st/stm32cubeide/plugins/com.st.stm32cube.ide.mcu.externaltools.gnu-tools-for-stm32.11.3.rel1.linux64_1.1.100.202309141235/tools/bin/../lib/gcc/arm-none-eabi/11.3.1/../../../../arm-none-eabi/lib/thumb/v7e-m+fp/hard/libc_nano.a(libc_a-impure.o)
 .ARM.attributes
                0x000000000000051f       0x34 /home/user/.var/st/stm32cubeide/plugins/com.st.stm32cube.ide.mcu.externaltools.gnu-tools-for-stm32.11.3.rel1.linux64_1.1.100.202309141235/tools/bin/../lib/gcc/arm-none-eabi/11.3.1/../../../../arm-none-eabi/lib/thumb/v7e-m+fp/hard/libc_nano.a(libc_a-errno.o)
 .ARM.attributes
                0x0000000000000553       0x34 /home/user/.var/st/stm32cubeide/plugins/com.st.stm32cube.ide.mcu.externaltools.gnu-tools-for-stm32.11.3.rel1.linux64_1.1.100.202309141235/tools/bin/../lib/gcc/arm-none-eabi/11.3.1/../../../../arm-none-eabi/lib/thumb/v7e-m+fp/hard/libc_nano.a(libc_a-init.o)
 .ARM.attributes
                0x0000000000000587       0x34 /home/user/.var/st/stm32cubeide/plugins/com.st.stm32cube.ide.mcu.externaltools.gnu-tools-for-stm32.11.3.rel1.linux64_1.1.100.202309141235/tools/bin/../lib/gcc/arm-none-eabi/11.3.1/../../../../arm-none-eabi/lib/thumb/v7e-m+fp/hard/libc_nano.a(libc_a-lock.o)
 .ARM.attributes
                0x00000000000005bb       0x17 /home/user/.var/st/stm32cubeide/plugins/com.st.stm32cube.ide.mcu.externaltools.gnu-tools-for-stm32.11.3.rel1.linux64_1.1.100.202309141235/tools/bin/../lib/gcc/arm-none-eabi/11.3.1/../../../../arm-none-eabi/lib/thumb/v7e-m+fp/hard/libc_nano.a(libc_a-strlen.o)
 .ARM.attributes
                0x00000000000005d2       0x34 /home/user/.var/st/stm32cubeide/plugins/com.st.stm32cube.ide.mcu.externaltools.gnu-tools-for-stm32.11.3.rel1.linux64_1.1.100.202309141235/tools/bin/../lib/gcc/arm-none-eabi/11.3.1/../../../../arm-none-eabi/lib/thumb/v7e-m+fp/hard/libc_nano.a(libc_a-freer.o)
 .ARM.attributes
                0x0000000000000606       0x34 /home/user/.var/st/stm32cubeide/plugins/com.st.stm32cube.ide.mcu.externaltools.gnu-tools-for-stm32.11.3.rel1.linux64_1.1.100.202309141235/tools/bin/../lib/gcc/arm-none-eabi/11.3.1/../../../../arm-none-eabi/lib/thumb/v7e-m+fp/hard/libc_nano.a(libc_a-mallocr.o)
 .ARM.attributes
                0x000000000000063a       0x34 /home/user/.var/st/stm32cubeide/plugins/com.st.stm32cube.ide.mcu.externaltools.gnu-tools-for-stm32.11.3.rel1.linux64_1.1.100.202309141235/tools/bin/../lib/gcc/arm-none-eabi/11.3.1/../../../../arm-none-eabi/lib/thumb/v7e-m+fp/hard/libc_nano.a(libc_a-mlock.o)
 .ARM.attributes
                0x000000000000066e       0x34 /home/user/.var/st/stm32cubeide/plugins/com.st.stm32cube.ide.mcu.externaltools.gnu-tools-for-stm32.11.3.rel1.linux64_1.1.100.202309141235/tools/bin/../lib/gcc/arm-none-eabi/11.3.1/../../../../arm-none-eabi/lib/thumb/v7e-m+fp/hard/libc_nano.a(libc_a-nano-svfprintf.o)
 .ARM.attributes
                0x00000000000006a2       0x34 /home/user/.var/st/stm32cubeide/plugins/com.st.stm32cube.ide.mcu.externaltools.gnu-tools-for-stm32.11.3.rel1.linux64_1.1.100.202309141235/tools/bin/../lib/gcc/arm-none-eabi/11.3.1/../../../../arm-none-eabi/lib/thumb/v7e-m+fp/hard/libc_nano.a(libc_a-nano-vfprintf_i.o)
 .ARM.attributes
                0x00000000000006d6       0x34 /home/user/.var/st/stm32cubeide/plugins/com.st.stm32cube.ide.mcu.externaltools.gnu-tools-for-stm32.11.3.rel1.linux64_1.1.100.202309141235/tools/bin/../lib/gcc/arm-none-eabi/11.3.1/../../../../arm-none-eabi/lib/thumb/v7e-m+fp/hard/libc_nano.a(libc_a-memmove.o)
 .ARM.attributes
                0x000000000000070a       0x34 /home/user/.var/st/stm32cubeide/plugins/com.st.stm32cube.ide.mcu.externaltools.gnu-tools-for-stm32.11.3.rel1.linux64_1.1.100.202309141235/tools/bin/../lib/gcc/arm-none-eabi/11.3.1/../../../../arm-none-eabi/lib/thumb/v7e-m+fp/hard/libc_nano.a(libc_a-sbrkr.o)
 .ARM.attributes
                0x000000000000073e       0x1c /home/user/.var/st/stm32cubeide/plugins/com.st.stm32cube.ide.mcu.externaltools.gnu-tools-for-stm32.11.3.rel1.linux64_1.1.100.202309141235/tools/bin/../lib/gcc/arm-none-eabi/11.3.1/../../../../arm-none-eabi/lib/thumb/v7e-m+fp/hard/libc_nano.a(libc_a-memchr.o)
 .ARM.attributes
                0x000000000000075a       0x34 /home/user/.var/st/stm32cubeide/plugins/com.st.stm32cube.ide.mcu.externaltools.gnu-tools-for-stm32.11.3.rel1.linux64_1.1.100.202309141235/tools/bin/../lib/gcc/arm-none-eabi/11.3.1/../../../../arm-none-eabi/lib/thumb/v7e-m+fp/hard/libc_nano.a(libc_a-memcpy-stub.o)
 .ARM.attributes
                0x000000000000078e       0x34 /home/user/.var/st/stm32cubeide/plugins/com.st.stm32cube.ide.mcu.externaltools.gnu-tools-for-stm32.11.3.rel1.linux64_1.1.100.202309141235/tools/bin/../lib/gcc/arm-none-eabi/11.3.1/../../../../arm-none-eabi/lib/thumb/v7e-m+fp/hard/libc_nano.a(libc_a-reallocr.o)
 .ARM.attributes
                0x00000000000007c2       0x34 /home/user/.var/st/stm32cubeide/plugins/com.st.stm32cube.ide.mcu.externaltools.gnu-tools-for-stm32.11.3.rel1.linux64_1.1.100.202309141235/tools/bin/../lib/gcc/arm-none-eabi/11.3.1/../../../../arm-none-eabi/lib/thumb/v7e-m+fp/hard/libc_nano.a(libc_a-msizer.o)
 .ARM.attributes
                0x00000000000007f6       0x1e /home/user/.var/st/stm32cubeide/plugins/com.st.stm32cube.ide.mcu.externaltools.gnu-tools-for-stm32.11.3.rel1.linux64_1.1.100.202309141235/tools/bin/../lib/gcc/arm-none-eabi/11.3.1/thumb/v7e-m+fp/hard/libgcc.a(_aeabi_uldivmod.o)
 .ARM.attributes
                0x0000000000000814       0x34 /home/user/.var/st/stm32cubeide/plugins/com.st.stm32cube.ide.mcu.externaltools.gnu-tools-for-stm32.11.3.rel1.linux64_1.1.100.202309141235/tools/bin/../lib/gcc/arm-none-eabi/11.3.1/thumb/v7e-m+fp/hard/libgcc.a(_udivmoddi4.o)
 .ARM.attributes
                0x0000000000000848       0x1e /home/user/.var/st/stm32cubeide/plugins/com.st.stm32cube.ide.mcu.externaltools.gnu-tools-for-stm32.11.3.rel1.linux64_1.1.100.202309141235/tools/bin/../lib/gcc/arm-none-eabi/11.3.1/thumb/v7e-m+fp/hard/libgcc.a(_dvmd_tls.o)
 .ARM.attributes
                0x0000000000000866       0x1e /home/user/.var/st/stm32cubeide/plugins/com.st.stm32cube.ide.mcu.externaltools.gnu-tools-for-stm32.11.3.rel1.linux64_1.1.100.202309141235/tools/bin/../lib/gcc/arm-none-eabi/11.3.1/thumb/v7e-m+fp/hard/crtn.o
OUTPUT(SPI_DMA_W5500_NANDFLASH.elf elf32-littlearm)
LOAD linker stubs
LOAD /home/user/.var/st/stm32cubeide/plugins/com.st.stm32cube.ide.mcu.externaltools.gnu-tools-for-stm32.11.3.rel1.linux64_1.1.100.202309141235/tools/bin/../lib/gcc/arm-none-eabi/11.3.1/../../../../arm-none-eabi/lib/thumb/v7e-m+fp/hard/libc.a
LOAD /home/user/.var/st/stm32cubeide/plugins/com.st.stm32cube.ide.mcu.externaltools.gnu-tools-for-stm32.11.3.rel1.linux64_1.1.100.202309141235/tools/bin/../lib/gcc/arm-none-eabi/11.3.1/../../../../arm-none-eabi/lib/thumb/v7e-m+fp/hard/libm.a
LOAD /home/user/.var/st/stm32cubeide/plugins/com.st.stm32cube.ide.mcu.externaltools.gnu-tools-for-stm32.11.3.rel1.linux64_1.1.100.202309141235/tools/bin/../lib/gcc/arm-none-eabi/11.3.1/thumb/v7e-m+fp/hard/libgcc.a

.comment        0x0000000000000000       0x43
 .comment       0x0000000000000000       0x43 /home/user/.var/st/stm32cubeide/plugins/com.st.stm32cube.ide.mcu.externaltools.gnu-tools-for-stm32.11.3.rel1.linux64_1.1.100.202309141235/tools/bin/../lib/gcc/arm-none-eabi/11.3.1/thumb/v7e-m+fp/hard/crtbegin.o
                                         0x44 (size before relaxing)
 .comment       0x0000000000000043       0x44 ./Core/Src/main.o
 .comment       0x0000000000000043       0x44 ./Core/Src/socket.o
 .comment       0x0000000000000043       0x44 ./Core/Src/stm32f4xx_hal_msp.o
 .comment       0x0000000000000043       0x44 ./Core/Src/stm32f4xx_it.o
 .comment       0x0000000000000043       0x44 ./Core/Src/sysmem.o
 .comment       0x0000000000000043       0x44 ./Core/Src/system_stm32f4xx.o
 .comment       0x0000000000000043       0x44 ./Core/Src/w5500.o
 .comment       0x0000000000000043       0x44 ./Core/Src/wizchip_conf.o
 .comment       0x0000000000000043       0x44 ./Drivers/STM32F4xx_HAL_Driver/Src/stm32f4xx_hal.o
 .comment       0x0000000000000043       0x44 ./Drivers/STM32F4xx_HAL_Driver/Src/stm32f4xx_hal_cortex.o
 .comment       0x0000000000000043       0x44 ./Drivers/STM32F4xx_HAL_Driver/Src/stm32f4xx_hal_dma.o
 .comment       0x0000000000000043       0x44 ./Drivers/STM32F4xx_HAL_Driver/Src/stm32f4xx_hal_gpio.o
 .comment       0x0000000000000043       0x44 ./Drivers/STM32F4xx_HAL_Driver/Src/stm32f4xx_hal_rcc.o
 .comment       0x0000000000000043       0x44 ./Drivers/STM32F4xx_HAL_Driver/Src/stm32f4xx_hal_spi.o
 .comment       0x0000000000000043       0x44 ./Drivers/STM32F4xx_HAL_Driver/Src/stm32f4xx_hal_tim.o
 .comment       0x0000000000000043       0x44 ./Drivers/STM32F4xx_HAL_Driver/Src/stm32f4xx_hal_tim_ex.o
 .comment       0x0000000000000043       0x44 ./Drivers/STM32F4xx_HAL_Driver/Src/stm32f4xx_hal_uart.o

.debug_info     0x0000000000000000    0x10dac
 .debug_info    0x0000000000000000     0x2017 ./Core/Src/main.o
 .debug_info    0x0000000000002017      0x727 ./Core/Src/socket.o
 .debug_info    0x000000000000273e     0x1267 ./Core/Src/stm32f4xx_hal_msp.o
 .debug_info    0x00000000000039a5      0x97b ./Core/Src/stm32f4xx_it.o
 .debug_info    0x0000000000004320      0x168 ./Core/Src/sysmem.o
 .debug_info    0x0000000000004488      0x53e ./Core/Src/system_stm32f4xx.o
 .debug_info    0x00000000000049c6      0x539 ./Core/Src/w5500.o
 .debug_info    0x0000000000004eff      0xc76 ./Core/Src/wizchip_conf.o
 .debug_info    0x0000000000005b75       0x23 ./Core/Startup/startup_stm32f401retx.o
 .debug_info    0x0000000000005b98      0x8bb ./Drivers/STM32F4xx_HAL_Driver/Src/stm32f4xx_hal.o
 .debug_info    0x0000000000006453      0xcc1 ./Drivers/STM32F4xx_HAL_Driver/Src/stm32f4xx_hal_cortex.o
 .debug_info    0x0000000000007114      0x8e6 ./Drivers/STM32F4xx_HAL_Driver/Src/stm32f4xx_hal_dma.o
 .debug_info    0x00000000000079fa      0x6f9 ./Drivers/STM32F4xx_HAL_Driver/Src/stm32f4xx_hal_gpio.o
 .debug_info    0x00000000000080f3      0x8f3 ./Drivers/STM32F4xx_HAL_Driver/Src/stm32f4xx_hal_rcc.o
 .debug_info    0x00000000000089e6     0x1606 ./Drivers/STM32F4xx_HAL_Driver/Src/stm32f4xx_hal_spi.o
 .debug_info    0x0000000000009fec     0x2996 ./Drivers/STM32F4xx_HAL_Driver/Src/stm32f4xx_hal_tim.o
 .debug_info    0x000000000000c982     0x14d4 ./Drivers/STM32F4xx_HAL_Driver/Src/stm32f4xx_hal_tim_ex.o
 .debug_info    0x000000000000de56     0x2f56 ./Drivers/STM32F4xx_HAL_Driver/Src/stm32f4xx_hal_uart.o

.debug_abbrev   0x0000000000000000     0x2871
 .debug_abbrev  0x0000000000000000      0x47c ./Core/Src/main.o
 .debug_abbrev  0x000000000000047c      0x1c1 ./Core/Src/socket.o
 .debug_abbrev  0x000000000000063d      0x27d ./Core/Src/stm32f4xx_hal_msp.o
 .debug_abbrev  0x00000000000008ba      0x1b7 ./Core/Src/stm32f4xx_it.o
 .debug_abbrev  0x0000000000000a71       0xbc ./Core/Src/sysmem.o
 .debug_abbrev  0x0000000000000b2d      0x11a ./Core/Src/system_stm32f4xx.o
 .debug_abbrev  0x0000000000000c47      0x21f ./Core/Src/w5500.o
 .debug_abbrev  0x0000000000000e66      0x321 ./Core/Src/wizchip_conf.o
 .debug_abbrev  0x0000000000001187       0x12 ./Core/Startup/startup_stm32f401retx.o
 .debug_abbrev  0x0000000000001199      0x24b ./Drivers/STM32F4xx_HAL_Driver/Src/stm32f4xx_hal.o
 .debug_abbrev  0x00000000000013e4      0x328 ./Drivers/STM32F4xx_HAL_Driver/Src/stm32f4xx_hal_cortex.o
 .debug_abbrev  0x000000000000170c      0x221 ./Drivers/STM32F4xx_HAL_Driver/Src/stm32f4xx_hal_dma.o
 .debug_abbrev  0x000000000000192d      0x1d3 ./Drivers/STM32F4xx_HAL_Driver/Src/stm32f4xx_hal_gpio.o
 .debug_abbrev  0x0000000000001b00      0x2b5 ./Drivers/STM32F4xx_HAL_Driver/Src/stm32f4xx_hal_rcc.o
 .debug_abbrev  0x0000000000001db5      0x280 ./Drivers/STM32F4xx_HAL_Driver/Src/stm32f4xx_hal_spi.o
 .debug_abbrev  0x0000000000002035      0x28b ./Drivers/STM32F4xx_HAL_Driver/Src/stm32f4xx_hal_tim.o
 .debug_abbrev  0x00000000000022c0      0x296 ./Drivers/STM32F4xx_HAL_Driver/Src/stm32f4xx_hal_tim_ex.o
 .debug_abbrev  0x0000000000002556      0x31b ./Drivers/STM32F4xx_HAL_Driver/Src/stm32f4xx_hal_uart.o

.debug_aranges  0x0000000000000000     0x1120
 .debug_aranges
                0x0000000000000000      0x128 ./Core/Src/main.o
 .debug_aranges
                0x0000000000000128       0x78 ./Core/Src/socket.o
 .debug_aranges
                0x00000000000001a0       0x50 ./Core/Src/stm32f4xx_hal_msp.o
 .debug_aranges
                0x00000000000001f0       0x98 ./Core/Src/stm32f4xx_it.o
 .debug_aranges
                0x0000000000000288       0x20 ./Core/Src/sysmem.o
 .debug_aranges
                0x00000000000002a8       0x28 ./Core/Src/system_stm32f4xx.o
 .debug_aranges
                0x00000000000002d0       0x60 ./Core/Src/w5500.o
 .debug_aranges
                0x0000000000000330      0x138 ./Core/Src/wizchip_conf.o
 .debug_aranges
                0x0000000000000468       0x28 ./Core/Startup/startup_stm32f401retx.o
 .debug_aranges
                0x0000000000000490       0xf0 ./Drivers/STM32F4xx_HAL_Driver/Src/stm32f4xx_hal.o
 .debug_aranges
                0x0000000000000580      0x120 ./Drivers/STM32F4xx_HAL_Driver/Src/stm32f4xx_hal_cortex.o
 .debug_aranges
                0x00000000000006a0       0x90 ./Drivers/STM32F4xx_HAL_Driver/Src/stm32f4xx_hal_dma.o
 .debug_aranges
                0x0000000000000730       0x58 ./Drivers/STM32F4xx_HAL_Driver/Src/stm32f4xx_hal_gpio.o
 .debug_aranges
                0x0000000000000788       0x88 ./Drivers/STM32F4xx_HAL_Driver/Src/stm32f4xx_hal_rcc.o
 .debug_aranges
                0x0000000000000810      0x1d0 ./Drivers/STM32F4xx_HAL_Driver/Src/stm32f4xx_hal_spi.o
 .debug_aranges
                0x00000000000009e0      0x3d0 ./Drivers/STM32F4xx_HAL_Driver/Src/stm32f4xx_hal_tim.o
 .debug_aranges
                0x0000000000000db0      0x168 ./Drivers/STM32F4xx_HAL_Driver/Src/stm32f4xx_hal_tim_ex.o
 .debug_aranges
                0x0000000000000f18      0x208 ./Drivers/STM32F4xx_HAL_Driver/Src/stm32f4xx_hal_uart.o

.debug_rnglists
                0x0000000000000000      0xd76
 .debug_rnglists
                0x0000000000000000       0xe2 ./Core/Src/main.o
 .debug_rnglists
                0x00000000000000e2       0x6d ./Core/Src/socket.o
 .debug_rnglists
                0x000000000000014f       0x39 ./Core/Src/stm32f4xx_hal_msp.o
 .debug_rnglists
                0x0000000000000188       0x6d ./Core/Src/stm32f4xx_it.o
 .debug_rnglists
                0x00000000000001f5       0x13 ./Core/Src/sysmem.o
 .debug_rnglists
                0x0000000000000208       0x1a ./Core/Src/system_stm32f4xx.o
 .debug_rnglists
                0x0000000000000222       0x4c ./Core/Src/w5500.o
 .debug_rnglists
                0x000000000000026e       0xed ./Core/Src/wizchip_conf.o
 .debug_rnglists
                0x000000000000035b       0x19 ./Core/Startup/startup_stm32f401retx.o
 .debug_rnglists
                0x0000000000000374       0xaf ./Drivers/STM32F4xx_HAL_Driver/Src/stm32f4xx_hal.o
 .debug_rnglists
                0x0000000000000423       0xd4 ./Drivers/STM32F4xx_HAL_Driver/Src/stm32f4xx_hal_cortex.o
 .debug_rnglists
                0x00000000000004f7       0x70 ./Drivers/STM32F4xx_HAL_Driver/Src/stm32f4xx_hal_dma.o
 .debug_rnglists
                0x0000000000000567       0x3f ./Drivers/STM32F4xx_HAL_Driver/Src/stm32f4xx_hal_gpio.o
 .debug_rnglists
                0x00000000000005a6       0x66 ./Drivers/STM32F4xx_HAL_Driver/Src/stm32f4xx_hal_rcc.o
 .debug_rnglists
                0x000000000000060c      0x16f ./Drivers/STM32F4xx_HAL_Driver/Src/stm32f4xx_hal_spi.o
 .debug_rnglists
                0x000000000000077b      0x31a ./Drivers/STM32F4xx_HAL_Driver/Src/stm32f4xx_hal_tim.o
 .debug_rnglists
                0x0000000000000a95      0x125 ./Drivers/STM32F4xx_HAL_Driver/Src/stm32f4xx_hal_tim_ex.o
 .debug_rnglists
                0x0000000000000bba      0x1bc ./Drivers/STM32F4xx_HAL_Driver/Src/stm32f4xx_hal_uart.o

.debug_macro    0x0000000000000000    0x17236
 .debug_macro   0x0000000000000000      0x336 ./Core/Src/main.o
 .debug_macro   0x0000000000000336      0xaa8 ./Core/Src/main.o
 .debug_macro   0x0000000000000dde      0x2a1 ./Core/Src/main.o
 .debug_macro   0x000000000000107f       0x2e ./Core/Src/main.o
 .debug_macro   0x00000000000010ad       0x28 ./Core/Src/main.o
 .debug_macro   0x00000000000010d5       0x22 ./Core/Src/main.o
 .debug_macro   0x00000000000010f7       0x8e ./Core/Src/main.o
 .debug_macro   0x0000000000001185       0x51 ./Core/Src/main.o
 .debug_macro   0x00000000000011d6      0x103 ./Core/Src/main.o
 .debug_macro   0x00000000000012d9       0x6a ./Core/Src/main.o
 .debug_macro   0x0000000000001343      0x1df ./Core/Src/main.o
 .debug_macro   0x0000000000001522       0x1c ./Core/Src/main.o
 .debug_macro   0x000000000000153e       0x22 ./Core/Src/main.o
 .debug_macro   0x0000000000001560       0xfb ./Core/Src/main.o
 .debug_macro   0x000000000000165b     0x1011 ./Core/Src/main.o
 .debug_macro   0x000000000000266c      0x11f ./Core/Src/main.o
 .debug_macro   0x000000000000278b     0xb86c ./Core/Src/main.o
 .debug_macro   0x000000000000dff7       0x6d ./Core/Src/main.o
 .debug_macro   0x000000000000e064     0x368c ./Core/Src/main.o
 .debug_macro   0x00000000000116f0      0x174 ./Core/Src/main.o
 .debug_macro   0x0000000000011864       0x5c ./Core/Src/main.o
 .debug_macro   0x00000000000118c0      0x416 ./Core/Src/main.o
 .debug_macro   0x0000000000011cd6      0x9e9 ./Core/Src/main.o
 .debug_macro   0x00000000000126bf      0x115 ./Core/Src/main.o
 .debug_macro   0x00000000000127d4       0xf8 ./Core/Src/main.o
 .debug_macro   0x00000000000128cc       0xa5 ./Core/Src/main.o
 .debug_macro   0x0000000000012971      0x15f ./Core/Src/main.o
 .debug_macro   0x0000000000012ad0      0x287 ./Core/Src/main.o
 .debug_macro   0x0000000000012d57       0x5f ./Core/Src/main.o
 .debug_macro   0x0000000000012db6      0x236 ./Core/Src/main.o
 .debug_macro   0x0000000000012fec      0x132 ./Core/Src/main.o
 .debug_macro   0x000000000001311e      0x264 ./Core/Src/main.o
 .debug_macro   0x0000000000013382       0x2e ./Core/Src/main.o
 .debug_macro   0x00000000000133b0      0x127 ./Core/Src/main.o
 .debug_macro   0x00000000000134d7       0x85 ./Core/Src/main.o
 .debug_macro   0x000000000001355c       0x89 ./Core/Src/main.o
 .debug_macro   0x00000000000135e5      0x225 ./Core/Src/main.o
 .debug_macro   0x000000000001380a      0x8ed ./Core/Src/main.o
 .debug_macro   0x00000000000140f7       0x47 ./Core/Src/main.o
 .debug_macro   0x000000000001413e      0x2aa ./Core/Src/main.o
 .debug_macro   0x00000000000143e8      0x126 ./Core/Src/main.o
 .debug_macro   0x000000000001450e       0xc4 ./Core/Src/main.o
 .debug_macro   0x00000000000145d2       0x6c ./Core/Src/main.o
 .debug_macro   0x000000000001463e      0x5e7 ./Core/Src/main.o
 .debug_macro   0x0000000000014c25       0x66 ./Core/Src/main.o
 .debug_macro   0x0000000000014c8b       0xd8 ./Core/Src/main.o
 .debug_macro   0x0000000000014d63       0x58 ./Core/Src/main.o
 .debug_macro   0x0000000000014dbb       0x61 ./Core/Src/main.o
 .debug_macro   0x0000000000014e1c       0x2a ./Core/Src/main.o
 .debug_macro   0x0000000000014e46       0x43 ./Core/Src/main.o
 .debug_macro   0x0000000000014e89       0x34 ./Core/Src/main.o
 .debug_macro   0x0000000000014ebd       0x16 ./Core/Src/main.o
 .debug_macro   0x0000000000014ed3       0x43 ./Core/Src/main.o
 .debug_macro   0x0000000000014f16       0x34 ./Core/Src/main.o
 .debug_macro   0x0000000000014f4a       0x10 ./Core/Src/main.o
 .debug_macro   0x0000000000014f5a       0x58 ./Core/Src/main.o
 .debug_macro   0x0000000000014fb2       0x8e ./Core/Src/main.o
 .debug_macro   0x0000000000015040       0x1c ./Core/Src/main.o
 .debug_macro   0x000000000001505c      0x177 ./Core/Src/main.o
 .debug_macro   0x00000000000151d3      0x369 ./Core/Src/main.o
 .debug_macro   0x000000000001553c       0x10 ./Core/Src/main.o
 .debug_macro   0x000000000001554c       0x35 ./Core/Src/main.o
 .debug_macro   0x0000000000015581       0x20 ./Core/Src/main.o
 .debug_macro   0x00000000000155a1       0x22 ./Core/Src/main.o
 .debug_macro   0x00000000000155c3       0xb8 ./Core/Src/socket.o
 .debug_macro   0x000000000001567b       0x66 ./Core/Src/socket.o
 .debug_macro   0x00000000000156e1      0x1e7 ./Core/Src/stm32f4xx_hal_msp.o
 .debug_macro   0x00000000000158c8      0x1f1 ./Core/Src/stm32f4xx_it.o
 .debug_macro   0x0000000000015ab9       0xff ./Core/Src/sysmem.o
 .debug_macro   0x0000000000015bb8      0x23c ./Core/Src/sysmem.o
 .debug_macro   0x0000000000015df4      0x1d8 ./Core/Src/system_stm32f4xx.o
 .debug_macro   0x0000000000015fcc       0x9d ./Core/Src/w5500.o
 .debug_macro   0x0000000000016069       0x94 ./Core/Src/wizchip_conf.o
 .debug_macro   0x00000000000160fd      0x238 ./Drivers/STM32F4xx_HAL_Driver/Src/stm32f4xx_hal.o
 .debug_macro   0x0000000000016335      0x1d8 ./Drivers/STM32F4xx_HAL_Driver/Src/stm32f4xx_hal_cortex.o
 .debug_macro   0x000000000001650d      0x1de ./Drivers/STM32F4xx_HAL_Driver/Src/stm32f4xx_hal_dma.o
 .debug_macro   0x00000000000166eb      0x1de ./Drivers/STM32F4xx_HAL_Driver/Src/stm32f4xx_hal_gpio.o
 .debug_macro   0x00000000000168c9      0x1fc ./Drivers/STM32F4xx_HAL_Driver/Src/stm32f4xx_hal_rcc.o
 .debug_macro   0x0000000000016ac5      0x1e7 ./Drivers/STM32F4xx_HAL_Driver/Src/stm32f4xx_hal_spi.o
 .debug_macro   0x0000000000016cac      0x1d9 ./Drivers/STM32F4xx_HAL_Driver/Src/stm32f4xx_hal_tim.o
 .debug_macro   0x0000000000016e85      0x1d8 ./Drivers/STM32F4xx_HAL_Driver/Src/stm32f4xx_hal_tim_ex.o
 .debug_macro   0x000000000001705d      0x1d9 ./Drivers/STM32F4xx_HAL_Driver/Src/stm32f4xx_hal_uart.o

.debug_line     0x0000000000000000    0x11b55
 .debug_line    0x0000000000000000     0x100e ./Core/Src/main.o
 .debug_line    0x000000000000100e      0xcd0 ./Core/Src/socket.o
 .debug_line    0x0000000000001cde      0x841 ./Core/Src/stm32f4xx_hal_msp.o
 .debug_line    0x000000000000251f      0x825 ./Core/Src/stm32f4xx_it.o
 .debug_line    0x0000000000002d44      0x4cc ./Core/Src/sysmem.o
 .debug_line    0x0000000000003210      0x73c ./Core/Src/system_stm32f4xx.o
 .debug_line    0x000000000000394c      0x6b3 ./Core/Src/w5500.o
 .debug_line    0x0000000000003fff      0xaba ./Core/Src/wizchip_conf.o
 .debug_line    0x0000000000004ab9       0x7a ./Core/Startup/startup_stm32f401retx.o
 .debug_line    0x0000000000004b33      0x9a2 ./Drivers/STM32F4xx_HAL_Driver/Src/stm32f4xx_hal.o
 .debug_line    0x00000000000054d5      0xc6e ./Drivers/STM32F4xx_HAL_Driver/Src/stm32f4xx_hal_cortex.o
 .debug_line    0x0000000000006143      0xf06 ./Drivers/STM32F4xx_HAL_Driver/Src/stm32f4xx_hal_dma.o
 .debug_line    0x0000000000007049      0xada ./Drivers/STM32F4xx_HAL_Driver/Src/stm32f4xx_hal_gpio.o
 .debug_line    0x0000000000007b23      0xd19 ./Drivers/STM32F4xx_HAL_Driver/Src/stm32f4xx_hal_rcc.o
 .debug_line    0x000000000000883c     0x1c79 ./Drivers/STM32F4xx_HAL_Driver/Src/stm32f4xx_hal_spi.o
 .debug_line    0x000000000000a4b5     0x3508 ./Drivers/STM32F4xx_HAL_Driver/Src/stm32f4xx_hal_tim.o
 .debug_line    0x000000000000d9bd     0x1939 ./Drivers/STM32F4xx_HAL_Driver/Src/stm32f4xx_hal_tim_ex.o
 .debug_line    0x000000000000f2f6     0x285f ./Drivers/STM32F4xx_HAL_Driver/Src/stm32f4xx_hal_uart.o

.debug_str      0x0000000000000000    0x92eef
 .debug_str     0x0000000000000000    0x8ef93 ./Core/Src/main.o
                                      0x8f3bb (size before relaxing)
 .debug_str     0x000000000008ef93      0x42d ./Core/Src/socket.o
                                       0x707e (size before relaxing)
 .debug_str     0x000000000008f3c0       0xdb ./Core/Src/stm32f4xx_hal_msp.o
                                      0x889e8 (size before relaxing)
 .debug_str     0x000000000008f49b      0x1b3 ./Core/Src/stm32f4xx_it.o
                                      0x88251 (size before relaxing)
 .debug_str     0x000000000008f64e      0x4dc ./Core/Src/sysmem.o
                                       0x6073 (size before relaxing)
 .debug_str     0x000000000008fb2a       0xdb ./Core/Src/system_stm32f4xx.o
                                      0x8799a (size before relaxing)
 .debug_str     0x000000000008fc05      0x111 ./Core/Src/w5500.o
                                       0x6a39 (size before relaxing)
 .debug_str     0x000000000008fd16      0x533 ./Core/Src/wizchip_conf.o
                                       0x72f5 (size before relaxing)
 .debug_str     0x0000000000090249       0x34 ./Core/Startup/startup_stm32f401retx.o
                                         0x85 (size before relaxing)
 .debug_str     0x000000000009027d      0x5f7 ./Drivers/STM32F4xx_HAL_Driver/Src/stm32f4xx_hal.o
                                      0x883bc (size before relaxing)
 .debug_str     0x0000000000090874      0x329 ./Drivers/STM32F4xx_HAL_Driver/Src/stm32f4xx_hal_cortex.o
                                      0x880f4 (size before relaxing)
 .debug_str     0x0000000000090b9d      0x2e6 ./Drivers/STM32F4xx_HAL_Driver/Src/stm32f4xx_hal_dma.o
                                      0x87da2 (size before relaxing)
 .debug_str     0x0000000000090e83       0xd7 ./Drivers/STM32F4xx_HAL_Driver/Src/stm32f4xx_hal_gpio.o
                                      0x87b15 (size before relaxing)
 .debug_str     0x0000000000090f5a      0x233 ./Drivers/STM32F4xx_HAL_Driver/Src/stm32f4xx_hal_rcc.o
                                      0x87dce (size before relaxing)
 .debug_str     0x000000000009118d      0x525 ./Drivers/STM32F4xx_HAL_Driver/Src/stm32f4xx_hal_spi.o
                                      0x8824c (size before relaxing)
 .debug_str     0x00000000000916b2      0xde9 ./Drivers/STM32F4xx_HAL_Driver/Src/stm32f4xx_hal_tim.o
                                      0x88d12 (size before relaxing)
 .debug_str     0x000000000009249b      0x493 ./Drivers/STM32F4xx_HAL_Driver/Src/stm32f4xx_hal_tim_ex.o
                                      0x8851e (size before relaxing)
 .debug_str     0x000000000009292e      0x5c1 ./Drivers/STM32F4xx_HAL_Driver/Src/stm32f4xx_hal_uart.o
                                      0x8839d (size before relaxing)

.debug_frame    0x0000000000000000     0x4de8
 .debug_frame   0x0000000000000000      0x4c4 ./Core/Src/main.o
 .debug_frame   0x00000000000004c4      0x1d4 ./Core/Src/socket.o
 .debug_frame   0x0000000000000698      0x118 ./Core/Src/stm32f4xx_hal_msp.o
 .debug_frame   0x00000000000007b0      0x1c8 ./Core/Src/stm32f4xx_it.o
 .debug_frame   0x0000000000000978       0x34 ./Core/Src/sysmem.o
 .debug_frame   0x00000000000009ac       0x58 ./Core/Src/system_stm32f4xx.o
 .debug_frame   0x0000000000000a04      0x16c ./Core/Src/w5500.o
 .debug_frame   0x0000000000000b70      0x534 ./Core/Src/wizchip_conf.o
 .debug_frame   0x00000000000010a4      0x374 ./Drivers/STM32F4xx_HAL_Driver/Src/stm32f4xx_hal.o
 .debug_frame   0x0000000000001418      0x4b8 ./Drivers/STM32F4xx_HAL_Driver/Src/stm32f4xx_hal_cortex.o
 .debug_frame   0x00000000000018d0      0x250 ./Drivers/STM32F4xx_HAL_Driver/Src/stm32f4xx_hal_dma.o
 .debug_frame   0x0000000000001b20      0x14c ./Drivers/STM32F4xx_HAL_Driver/Src/stm32f4xx_hal_gpio.o
 .debug_frame   0x0000000000001c6c      0x1f4 ./Drivers/STM32F4xx_HAL_Driver/Src/stm32f4xx_hal_rcc.o
 .debug_frame   0x0000000000001e60      0x828 ./Drivers/STM32F4xx_HAL_Driver/Src/stm32f4xx_hal_spi.o
 .debug_frame   0x0000000000002688     0x11b8 ./Drivers/STM32F4xx_HAL_Driver/Src/stm32f4xx_hal_tim.o
 .debug_frame   0x0000000000003840      0x638 ./Drivers/STM32F4xx_HAL_Driver/Src/stm32f4xx_hal_tim_ex.o
 .debug_frame   0x0000000000003e78      0x954 ./Drivers/STM32F4xx_HAL_Driver/Src/stm32f4xx_hal_uart.o
 .debug_frame   0x00000000000047cc      0x144 /home/user/.var/st/stm32cubeide/plugins/com.st.stm32cube.ide.mcu.externaltools.gnu-tools-for-stm32.11.3.rel1.linux64_1.1.100.202309141235/tools/bin/../lib/gcc/arm-none-eabi/11.3.1/../../../../arm-none-eabi/lib/thumb/v7e-m+fp/hard/libc_nano.a(libc_a-findfp.o)
 .debug_frame   0x0000000000004910       0x7c /home/user/.var/st/stm32cubeide/plugins/com.st.stm32cube.ide.mcu.externaltools.gnu-tools-for-stm32.11.3.rel1.linux64_1.1.100.202309141235/tools/bin/../lib/gcc/arm-none-eabi/11.3.1/../../../../arm-none-eabi/lib/thumb/v7e-m+fp/hard/libc_nano.a(libc_a-snprintf.o)