../Core/Src/main.c:64:6:HAL_SPI_TxRxCpltCallback	16	static
../Core/Src/main.c:70:6:HAL_GPIO_EXTI_Callback	16	static
../Core/Src/main.c:76:6:HAL_UART_TxCpltCallback	16	static
../Core/Src/main.c:82:6:UART_SendString	16	static
../Core/Src/main.c:88:6:UART_SendDataHex	280	static
../Core/Src/main.c:99:9:NAND_ReadStatus	16	static
../Core/Src/main.c:106:6:UART_SendNumber	32	static
../Core/Src/main.c:112:5:NAND_WaitReady	16	static
../Core/Src/main.c:123:6:NAND_SendCommand	16	static
../Core/Src/main.c:132:6:NAND_SendAddress	16	static
../Core/Src/main.c:141:6:NAND_WriteData	16	static
../Core/Src/main.c:151:9:NAND_ReadData	16	static
../Core/Src/main.c:163:6:NAND_EraseBlock	72	static
../Core/Src/main.c:177:6:NAND_WritePage	32	static
../Core/Src/main.c:194:6:NAND_ReadPage	24	static
../Core/Src/main.c:208:6:ReadAllPages	32	static
../Core/Src/main.c:238:6:wizchip_select	4	static
../Core/Src/main.c:242:6:wizchip_deselect	4	static
../Core/Src/main.c:246:6:wizchip_reset	4	static
../Core/Src/main.c:251:6:wizchip_writebyte	24	static
../Core/Src/main.c:258:9:wizchip_readbyte	16	static
../Core/Src/main.c:267:6:wizchip_readburst	16	static
../Core/Src/main.c:273:6:wizchip_writeburst	16	static
../Core/Src/main.c:279:6:tcp_server_init	8	static
../Core/Src/main.c:295:6:tcp_send	40	static
../Core/Src/main.c:372:6:w5500_init	32	static
../Core/Src/main.c:406:5:main	8	static
../Core/Src/main.c:461:6:SystemClock_Config	88	static
../Core/Src/main.c:503:13:MX_SPI2_Init	8	static
../Core/Src/main.c:541:13:MX_TIM2_Init	32	static
../Core/Src/main.c:586:13:MX_USART2_UART_Init	8	static
../Core/Src/main.c:619:13:MX_DMA_Init	16	static
../Core/Src/main.c:666:13:MX_GPIO_Init	48	static
../Core/Src/main.c:742:6:Error_Handler	4	static,ignoring_inline_asm
